Archive member included to satisfy reference by file (symbol)

c:/program files (x86)/gnu arm embedded toolchain/10 2021.07/bin/../lib/gcc/arm-none-eabi/10.3.1/../../../../arm-none-eabi/lib/thumb/v7-m/nofp\libc_nano.a(lib_a-exit.o)
                              c:/program files (x86)/gnu arm embedded toolchain/10 2021.07/bin/../lib/gcc/arm-none-eabi/10.3.1/../../../../arm-none-eabi/lib/thumb/v7-m/nofp/crt0.o (exit)
c:/program files (x86)/gnu arm embedded toolchain/10 2021.07/bin/../lib/gcc/arm-none-eabi/10.3.1/../../../../arm-none-eabi/lib/thumb/v7-m/nofp\libc_nano.a(lib_a-impure.o)
                              c:/program files (x86)/gnu arm embedded toolchain/10 2021.07/bin/../lib/gcc/arm-none-eabi/10.3.1/../../../../arm-none-eabi/lib/thumb/v7-m/nofp\libc_nano.a(lib_a-exit.o) (_global_impure_ptr)
c:/program files (x86)/gnu arm embedded toolchain/10 2021.07/bin/../lib/gcc/arm-none-eabi/10.3.1/../../../../arm-none-eabi/lib/thumb/v7-m/nofp\libc_nano.a(lib_a-init.o)
                              c:/program files (x86)/gnu arm embedded toolchain/10 2021.07/bin/../lib/gcc/arm-none-eabi/10.3.1/../../../../arm-none-eabi/lib/thumb/v7-m/nofp/crt0.o (__libc_init_array)
c:/program files (x86)/gnu arm embedded toolchain/10 2021.07/bin/../lib/gcc/arm-none-eabi/10.3.1/../../../../arm-none-eabi/lib/thumb/v7-m/nofp\libc_nano.a(lib_a-memset.o)
                              c:/program files (x86)/gnu arm embedded toolchain/10 2021.07/bin/../lib/gcc/arm-none-eabi/10.3.1/../../../../arm-none-eabi/lib/thumb/v7-m/nofp/crt0.o (memset)
c:/program files (x86)/gnu arm embedded toolchain/10 2021.07/bin/../lib/gcc/arm-none-eabi/10.3.1/../../../../arm-none-eabi/lib/thumb/v7-m/nofp\libc_nano.a(lib_a-strlen.o)
                              build/usart.o (strlen)
c:/program files (x86)/gnu arm embedded toolchain/10 2021.07/bin/../lib/gcc/arm-none-eabi/10.3.1/../../../../arm-none-eabi/lib/thumb/v7-m/nofp\libc_nano.a(lib_a-vsprintf.o)
                              build/usart.o (vsprintf)
c:/program files (x86)/gnu arm embedded toolchain/10 2021.07/bin/../lib/gcc/arm-none-eabi/10.3.1/../../../../arm-none-eabi/lib/thumb/v7-m/nofp\libc_nano.a(lib_a-nano-svfprintf.o)
                              c:/program files (x86)/gnu arm embedded toolchain/10 2021.07/bin/../lib/gcc/arm-none-eabi/10.3.1/../../../../arm-none-eabi/lib/thumb/v7-m/nofp\libc_nano.a(lib_a-vsprintf.o) (_svfprintf_r)
c:/program files (x86)/gnu arm embedded toolchain/10 2021.07/bin/../lib/gcc/arm-none-eabi/10.3.1/../../../../arm-none-eabi/lib/thumb/v7-m/nofp\libc_nano.a(lib_a-nano-vfprintf_i.o)
                              c:/program files (x86)/gnu arm embedded toolchain/10 2021.07/bin/../lib/gcc/arm-none-eabi/10.3.1/../../../../arm-none-eabi/lib/thumb/v7-m/nofp\libc_nano.a(lib_a-nano-svfprintf.o) (_printf_i)
c:/program files (x86)/gnu arm embedded toolchain/10 2021.07/bin/../lib/gcc/arm-none-eabi/10.3.1/../../../../arm-none-eabi/lib/thumb/v7-m/nofp\libc_nano.a(lib_a-memchr-stub.o)
                              c:/program files (x86)/gnu arm embedded toolchain/10 2021.07/bin/../lib/gcc/arm-none-eabi/10.3.1/../../../../arm-none-eabi/lib/thumb/v7-m/nofp\libc_nano.a(lib_a-nano-svfprintf.o) (memchr)
c:/program files (x86)/gnu arm embedded toolchain/10 2021.07/bin/../lib/gcc/arm-none-eabi/10.3.1/../../../../arm-none-eabi/lib/thumb/v7-m/nofp\libc_nano.a(lib_a-memcpy-stub.o)
                              c:/program files (x86)/gnu arm embedded toolchain/10 2021.07/bin/../lib/gcc/arm-none-eabi/10.3.1/../../../../arm-none-eabi/lib/thumb/v7-m/nofp\libc_nano.a(lib_a-nano-svfprintf.o) (memcpy)
c:/program files (x86)/gnu arm embedded toolchain/10 2021.07/bin/../lib/gcc/arm-none-eabi/10.3.1/../../../../arm-none-eabi/lib/thumb/v7-m/nofp\libc_nano.a(lib_a-memmove.o)
                              c:/program files (x86)/gnu arm embedded toolchain/10 2021.07/bin/../lib/gcc/arm-none-eabi/10.3.1/../../../../arm-none-eabi/lib/thumb/v7-m/nofp\libc_nano.a(lib_a-nano-svfprintf.o) (memmove)
c:/program files (x86)/gnu arm embedded toolchain/10 2021.07/bin/../lib/gcc/arm-none-eabi/10.3.1/../../../../arm-none-eabi/lib/thumb/v7-m/nofp\libc_nano.a(lib_a-nano-freer.o)
                              c:/program files (x86)/gnu arm embedded toolchain/10 2021.07/bin/../lib/gcc/arm-none-eabi/10.3.1/../../../../arm-none-eabi/lib/thumb/v7-m/nofp\libc_nano.a(lib_a-nano-svfprintf.o) (_free_r)
c:/program files (x86)/gnu arm embedded toolchain/10 2021.07/bin/../lib/gcc/arm-none-eabi/10.3.1/../../../../arm-none-eabi/lib/thumb/v7-m/nofp\libc_nano.a(lib_a-nano-mallocr.o)
                              c:/program files (x86)/gnu arm embedded toolchain/10 2021.07/bin/../lib/gcc/arm-none-eabi/10.3.1/../../../../arm-none-eabi/lib/thumb/v7-m/nofp\libc_nano.a(lib_a-nano-svfprintf.o) (_malloc_r)
c:/program files (x86)/gnu arm embedded toolchain/10 2021.07/bin/../lib/gcc/arm-none-eabi/10.3.1/../../../../arm-none-eabi/lib/thumb/v7-m/nofp\libc_nano.a(lib_a-nano-reallocr.o)
[...]
Memory Configuration

Name             Origin             Length             Attributes
RAM              0x20000000         0x0000c000         xrw
FLASH            0x08000000         0x00040000         xr
*default*        0x00000000         0xffffffff

Linker script and memory map

LOAD c:/program files (x86)/gnu arm embedded toolchain/10 2021.07/bin/../lib/gcc/arm-none-eabi/10.3.1/thumb/v7-m/nofp/crti.o
LOAD c:/program files (x86)/gnu arm embedded toolchain/10 2021.07/bin/../lib/gcc/arm-none-eabi/10.3.1/thumb/v7-m/nofp/crtbegin.o
LOAD c:/program files (x86)/gnu arm embedded toolchain/10 2021.07/bin/../lib/gcc/arm-none-eabi/10.3.1/../../../../arm-none-eabi/lib/thumb/v7-m/nofp/crt0.o
LOAD build/main.o
LOAD build/gpio.o
LOAD build/dma.o
LOAD build/tim.o
LOAD build/usart.o
LOAD build/stm32f1xx_it.o
LOAD build/stm32f1xx_hal_msp.o
LOAD build/stm32f1xx_hal_gpio_ex.o
LOAD build/stm32f1xx_hal_tim.o
LOAD build/stm32f1xx_hal_tim_ex.o
LOAD build/stm32f1xx_hal.o
LOAD build/stm32f1xx_hal_rcc.o
LOAD build/stm32f1xx_hal_rcc_ex.o
LOAD build/stm32f1xx_hal_gpio.o
LOAD build/stm32f1xx_hal_dma.o
LOAD build/stm32f1xx_hal_cortex.o
LOAD build/stm32f1xx_hal_pwr.o
LOAD build/stm32f1xx_hal_flash.o
LOAD build/stm32f1xx_hal_flash_ex.o
LOAD build/stm32f1xx_hal_exti.o
LOAD build/stm32f1xx_hal_uart.o
LOAD build/system_stm32f1xx.o
LOAD build/startup_stm32f103xe.o
LOAD c:/program files (x86)/gnu arm embedded toolchain/10 2021.07/bin/../lib/gcc/arm-none-eabi/10.3.1/../../../../arm-none-eabi/lib/thumb/v7-m/nofp\libc_nano.a
LOAD c:/program files (x86)/gnu arm embedded toolchain/10 2021.07/bin/../lib/gcc/arm-none-eabi/10.3.1/../../../../arm-none-eabi/lib/thumb/v7-m/nofp\libm.a
LOAD c:/program files (x86)/gnu arm embedded toolchain/10 2021.07/bin/../lib/gcc/arm-none-eabi/10.3.1/../../../../arm-none-eabi/lib/thumb/v7-m/nofp\libnosys.a
START GROUP
LOAD c:/program files (x86)/gnu arm embedded toolchain/10 2021.07/bin/../lib/gcc/arm-none-eabi/10.3.1/thumb/v7-m/nofp\libgcc.a
LOAD c:/program files (x86)/gnu arm embedded toolchain/10 2021.07/bin/../lib/gcc/arm-none-eabi/10.3.1/../../../../arm-none-eabi/lib/thumb/v7-m/nofp\libc_nano.a
END GROUP
START GROUP
LOAD c:/program files (x86)/gnu arm embedded toolchain/10 2021.07/bin/../lib/gcc/arm-none-eabi/10.3.1/thumb/v7-m/nofp\libgcc.a
LOAD c:/program files (x86)/gnu arm embedded toolchain/10 2021.07/bin/../lib/gcc/arm-none-eabi/10.3.1/../../../../arm-none-eabi/lib/thumb/v7-m/nofp\libc_nano.a
END GROUP
LOAD c:/program files (x86)/gnu arm embedded toolchain/10 2021.07/bin/../lib/gcc/arm-none-eabi/10.3.1/thumb/v7-m/nofp/crtend.o
LOAD c:/program files (x86)/gnu arm embedded toolchain/10 2021.07/bin/../lib/gcc/arm-none-eabi/10.3.1/thumb/v7-m/nofp/crtn.o
                0x2000c000                _estack = (ORIGIN (RAM) + LENGTH (RAM))
                0x00000200                _Min_Heap_Size = 0x200
                0x00000400                _Min_Stack_Size = 0x400

.isr_vector     0x08000000      0x1e4
                0x08000000                . = ALIGN (0x4)
 *(.isr_vector)
 .isr_vector    0x08000000      0x1e4 build/startup_stm32f103xe.o
                0x08000000                g_pfnVectors
                0x080001e4                . = ALIGN (0x4)

.text           0x080001e4     0x2d14
                0x080001e4                . = ALIGN (0x4)
 *(.text)
 .text          0x080001e4       0x40 c:/program files (x86)/gnu arm embedded toolchain/10 2021.07/bin/../lib/gcc/arm-none-eabi/10.3.1/thumb/v7-m/nofp/crtbegin.o
 *(.text*)
 .text.MOTOR_Direction
                0x08000224      0x10c build/main.o
                0x08000224                MOTOR_Direction
 .text.PID_Init
                0x08000330        0x8 build/main.o
                0x08000330                PID_Init
 .text.HAL_TIM_PeriodElapsedCallback
                0x08000338       0x1c build/main.o
                0x08000338                HAL_TIM_PeriodElapsedCallback
 .text.HAL_UART_RxCpltCallback
                0x08000354        0x2 build/main.o
                0x08000354                HAL_UART_RxCpltCallback
 .text.Error_Handler
                0x08000356        0x4 build/main.o
                0x08000356                Error_Handler
 .text.SystemClock_Config
                0x0800035a       0x64 build/main.o
                0x0800035a                SystemClock_Config
 *fill*         0x080003be        0x2 
 .text.main     0x080003c0       0xfc build/main.o
                0x080003c0                main
 .text.MX_GPIO_Init
                0x080004bc       0xb4 build/gpio.o
                0x080004bc                MX_GPIO_Init
 .text.MX_DMA_Init
                0x08000570       0x34 build/dma.o
                0x08000570                MX_DMA_Init
 .text.MX_TIM2_Init
                0x080005a4       0x64 build/tim.o
                0x080005a4                MX_TIM2_Init
 .text.MX_TIM3_Init
                0x08000608       0x64 build/tim.o
                0x08000608                MX_TIM3_Init
 .text.MX_TIM4_Init
                0x0800066c       0x64 build/tim.o
                0x0800066c                MX_TIM4_Init
 .text.MX_TIM5_Init
                0x080006d0       0x64 build/tim.o
                0x080006d0                MX_TIM5_Init
 .text.HAL_TIM_Base_MspInit
                0x08000734       0x70 build/tim.o
                0x08000734                HAL_TIM_Base_MspInit
 .text.HAL_TIM_Encoder_MspInit
                0x080007a4      0x194 build/tim.o
                0x080007a4                HAL_TIM_Encoder_MspInit
 .text.HAL_TIM_MspPostInit
                0x08000938       0x50 build/tim.o
                0x08000938                HAL_TIM_MspPostInit
 .text.MX_TIM1_Init
                0x08000988      0x120 build/tim.o
                0x08000988                MX_TIM1_Init
 .text.MX_UART4_Init
                0x08000aa8       0x34 build/usart.o
                0x08000aa8                MX_UART4_Init
 .text.MX_UART5_Init
                0x08000adc       0x34 build/usart.o
                0x08000adc                MX_UART5_Init
 .text.HAL_UART_MspInit
                0x08000b10      0x13c build/usart.o
                0x08000b10                HAL_UART_MspInit
 .text.NMI_Handler
                0x08000c4c        0x2 build/stm32f1xx_it.o
                0x08000c4c                NMI_Handler
 .text.HardFault_Handler
                0x08000c4e        0x2 build/stm32f1xx_it.o
                0x08000c4e                HardFault_Handler
 .text.MemManage_Handler
                0x08000c50        0x2 build/stm32f1xx_it.o
                0x08000c50                MemManage_Handler
 .text.BusFault_Handler
                0x08000c52        0x2 build/stm32f1xx_it.o
                0x08000c52                BusFault_Handler
 .text.UsageFault_Handler
                0x08000c54        0x2 build/stm32f1xx_it.o
                0x08000c54                UsageFault_Handler
 .text.SVC_Handler
                0x08000c56        0x2 build/stm32f1xx_it.o
                0x08000c56                SVC_Handler
 .text.DebugMon_Handler
                0x08000c58        0x2 build/stm32f1xx_it.o
                0x08000c58                DebugMon_Handler
 .text.PendSV_Handler
                0x08000c5a        0x2 build/stm32f1xx_it.o
                0x08000c5a                PendSV_Handler
 .text.SysTick_Handler
                0x08000c5c        0x8 build/stm32f1xx_it.o
                0x08000c5c                SysTick_Handler
 .text.TIM1_BRK_IRQHandler
                0x08000c64       0x10 build/stm32f1xx_it.o
                0x08000c64                TIM1_BRK_IRQHandler
 .text.TIM1_UP_IRQHandler
                0x08000c74       0x10 build/stm32f1xx_it.o
                0x08000c74                TIM1_UP_IRQHandler
 .text.TIM1_TRG_COM_IRQHandler
                0x08000c84       0x10 build/stm32f1xx_it.o
                0x08000c84                TIM1_TRG_COM_IRQHandler
 .text.TIM1_CC_IRQHandler
                0x08000c94       0x10 build/stm32f1xx_it.o
                0x08000c94                TIM1_CC_IRQHandler
 .text.TIM2_IRQHandler
                0x08000ca4       0x10 build/stm32f1xx_it.o
                0x08000ca4                TIM2_IRQHandler
 .text.TIM3_IRQHandler
                0x08000cb4       0x10 build/stm32f1xx_it.o
                0x08000cb4                TIM3_IRQHandler
 .text.TIM4_IRQHandler
                0x08000cc4       0x10 build/stm32f1xx_it.o
                0x08000cc4                TIM4_IRQHandler
 .text.TIM5_IRQHandler
                0x08000cd4       0x10 build/stm32f1xx_it.o
                0x08000cd4                TIM5_IRQHandler
 .text.UART4_IRQHandler
                0x08000ce4       0x10 build/stm32f1xx_it.o
                0x08000ce4                UART4_IRQHandler
 .text.UART5_IRQHandler
                0x08000cf4       0x10 build/stm32f1xx_it.o
                0x08000cf4                UART5_IRQHandler
 .text.DMA2_Channel3_IRQHandler
                0x08000d04       0x10 build/stm32f1xx_it.o
                0x08000d04                DMA2_Channel3_IRQHandler
 .text.HAL_MspInit
                0x08000d14       0x44 build/stm32f1xx_hal_msp.o
                0x08000d14                HAL_MspInit
 .text.TIM_OC1_SetConfig
                0x08000d58       0x68 build/stm32f1xx_hal_tim.o
 .text.TIM_OC3_SetConfig
                0x08000dc0       0x70 build/stm32f1xx_hal_tim.o
 .text.TIM_OC4_SetConfig
                0x08000e30       0x50 build/stm32f1xx_hal_tim.o
 .text.TIM_TI1_ConfigInputStage
                0x08000e80       0x24 build/stm32f1xx_hal_tim.o
 .text.TIM_TI2_ConfigInputStage
                0x08000ea4       0x26 build/stm32f1xx_hal_tim.o
 .text.TIM_ITRx_SetConfig
                0x08000eca       0x10 build/stm32f1xx_hal_tim.o
 *fill*         0x08000eda        0x2 
 .text.HAL_TIM_Base_Start_IT
                0x08000edc       0x78 build/stm32f1xx_hal_tim.o
                0x08000edc                HAL_TIM_Base_Start_IT
 .text.HAL_TIM_PWM_MspInit
                0x08000f54        0x2 build/stm32f1xx_hal_tim.o
                0x08000f54                HAL_TIM_PWM_MspInit
 .text.HAL_TIM_OC_DelayElapsedCallback
                0x08000f56        0x2 build/stm32f1xx_hal_tim.o
                0x08000f56                HAL_TIM_OC_DelayElapsedCallback
 .text.HAL_TIM_IC_CaptureCallback
                0x08000f58        0x2 build/stm32f1xx_hal_tim.o
                0x08000f58                HAL_TIM_IC_CaptureCallback
 .text.HAL_TIM_PWM_PulseFinishedCallback
                0x08000f5a        0x2 build/stm32f1xx_hal_tim.o
                0x08000f5a                HAL_TIM_PWM_PulseFinishedCallback
 .text.HAL_TIM_TriggerCallback
                0x08000f5c        0x2 build/stm32f1xx_hal_tim.o
                0x08000f5c                HAL_TIM_TriggerCallback
 .text.HAL_TIM_IRQHandler
                0x08000f5e      0x17a build/stm32f1xx_hal_tim.o
                0x08000f5e                HAL_TIM_IRQHandler
 .text.TIM_Base_SetConfig
                0x080010d8       0x98 build/stm32f1xx_hal_tim.o
                0x080010d8                TIM_Base_SetConfig
 .text.HAL_TIM_Base_Init
                0x08001170       0x58 build/stm32f1xx_hal_tim.o
                0x08001170                HAL_TIM_Base_Init
 .text.HAL_TIM_PWM_Init
                0x080011c8       0x58 build/stm32f1xx_hal_tim.o
                0x080011c8                HAL_TIM_PWM_Init
 .text.HAL_TIM_Encoder_Init
                0x08001220       0xb8 build/stm32f1xx_hal_tim.o
                0x08001220                HAL_TIM_Encoder_Init
 .text.TIM_OC2_SetConfig
                0x080012d8       0x70 build/stm32f1xx_hal_tim.o
                0x080012d8                TIM_OC2_SetConfig
 .text.HAL_TIM_PWM_ConfigChannel
                0x08001348       0xd0 build/stm32f1xx_hal_tim.o
                0x08001348                HAL_TIM_PWM_ConfigChannel
 .text.TIM_ETR_SetConfig
                0x08001418       0x18 build/stm32f1xx_hal_tim.o
                0x08001418                TIM_ETR_SetConfig
 .text.HAL_TIM_ConfigClockSource
                0x08001430       0xda build/stm32f1xx_hal_tim.o
                0x08001430                HAL_TIM_ConfigClockSource
 .text.TIM_CCxChannelCmd
                0x0800150a       0x1e build/stm32f1xx_hal_tim.o
                0x0800150a                TIM_CCxChannelCmd
 .text.HAL_TIM_PWM_Start
                0x08001528       0xf4 build/stm32f1xx_hal_tim.o
                0x08001528                HAL_TIM_PWM_Start
 .text.HAL_TIM_Encoder_Start
                0x0800161c       0xcc build/stm32f1xx_hal_tim.o
                0x0800161c                HAL_TIM_Encoder_Start
 .text.HAL_TIMEx_MasterConfigSynchronization
                0x080016e8       0x7c build/stm32f1xx_hal_tim_ex.o
                0x080016e8                HAL_TIMEx_MasterConfigSynchronization
 .text.HAL_TIMEx_ConfigBreakDeadTime
                0x08001764       0x52 build/stm32f1xx_hal_tim_ex.o
                0x08001764                HAL_TIMEx_ConfigBreakDeadTime
 .text.HAL_TIMEx_CommutCallback
                0x080017b6        0x2 build/stm32f1xx_hal_tim_ex.o
                0x080017b6                HAL_TIMEx_CommutCallback
 .text.HAL_TIMEx_BreakCallback
                0x080017b8        0x2 build/stm32f1xx_hal_tim_ex.o
                0x080017b8                HAL_TIMEx_BreakCallback
 *fill*         0x080017ba        0x2 
 .text.HAL_InitTick
                0x080017bc       0x4c build/stm32f1xx_hal.o
                0x080017bc                HAL_InitTick
 .text.HAL_Init
                0x08001808       0x24 build/stm32f1xx_hal.o
                0x08001808                HAL_Init
 .text.HAL_IncTick
                0x0800182c       0x18 build/stm32f1xx_hal.o
                0x0800182c                HAL_IncTick
 .text.HAL_GetTick
                0x08001844        0xc build/stm32f1xx_hal.o
                0x08001844                HAL_GetTick
 .text.RCC_Delay
                0x08001850       0x2c build/stm32f1xx_hal_rcc.o
 .text.HAL_RCC_OscConfig
                0x0800187c      0x410 build/stm32f1xx_hal_rcc.o
                0x0800187c                HAL_RCC_OscConfig
 .text.HAL_RCC_GetSysClockFreq
                0x08001c8c       0x70 build/stm32f1xx_hal_rcc.o
                0x08001c8c                HAL_RCC_GetSysClockFreq
 .text.HAL_RCC_ClockConfig
                0x08001cfc      0x16c build/stm32f1xx_hal_rcc.o
                0x08001cfc                HAL_RCC_ClockConfig
 .text.HAL_RCC_GetHCLKFreq
                0x08001e68        0xc build/stm32f1xx_hal_rcc.o
                0x08001e68                HAL_RCC_GetHCLKFreq
 .text.HAL_RCC_GetPCLK1Freq
                0x08001e74       0x20 build/stm32f1xx_hal_rcc.o
                0x08001e74                HAL_RCC_GetPCLK1Freq
 .text.HAL_RCC_GetPCLK2Freq
                0x08001e94       0x20 build/stm32f1xx_hal_rcc.o
                0x08001e94                HAL_RCC_GetPCLK2Freq
 .text.HAL_GPIO_Init
                0x08001eb4      0x240 build/stm32f1xx_hal_gpio.o
                0x08001eb4                HAL_GPIO_Init
 .text.HAL_GPIO_WritePin
                0x080020f4        0xc build/stm32f1xx_hal_gpio.o
                0x080020f4                HAL_GPIO_WritePin
 .text.DMA_SetConfig
                0x08002100       0x2c build/stm32f1xx_hal_dma.o
 .text.HAL_DMA_Init
                0x0800212c       0x98 build/stm32f1xx_hal_dma.o
                0x0800212c                HAL_DMA_Init
 .text.HAL_DMA_Start_IT
                0x080021c4       0x74 build/stm32f1xx_hal_dma.o
                0x080021c4                HAL_DMA_Start_IT
 .text.HAL_DMA_Abort
                0x08002238       0x44 build/stm32f1xx_hal_dma.o
                0x08002238                HAL_DMA_Abort
 .text.HAL_DMA_Abort_IT
                0x0800227c      0x168 build/stm32f1xx_hal_dma.o
                0x0800227c                HAL_DMA_Abort_IT
 .text.HAL_DMA_IRQHandler
                0x080023e4      0x2ec build/stm32f1xx_hal_dma.o
                0x080023e4                HAL_DMA_IRQHandler
 .text.HAL_NVIC_SetPriorityGrouping
                0x080026d0       0x24 build/stm32f1xx_hal_cortex.o
                0x080026d0                HAL_NVIC_SetPriorityGrouping
 .text.HAL_NVIC_SetPriority
                0x080026f4       0x70 build/stm32f1xx_hal_cortex.o
                0x080026f4                HAL_NVIC_SetPriority
 .text.HAL_NVIC_EnableIRQ
                0x08002764       0x1c build/stm32f1xx_hal_cortex.o
                0x08002764                HAL_NVIC_EnableIRQ
 .text.HAL_SYSTICK_Config
                0x08002780       0x28 build/stm32f1xx_hal_cortex.o
                0x08002780                HAL_SYSTICK_Config
 .text.UART_EndTxTransfer
                0x080027a8       0x12 build/stm32f1xx_hal_uart.o
 .text.UART_EndRxTransfer
                0x080027ba       0x32 build/stm32f1xx_hal_uart.o
 .text.UART_Transmit_IT
                0x080027ec       0x60 build/stm32f1xx_hal_uart.o
 .text.UART_SetConfig
                0x0800284c       0x94 build/stm32f1xx_hal_uart.o
 .text.HAL_UART_Init
                0x080028e0       0x5e build/stm32f1xx_hal_uart.o
                0x080028e0                HAL_UART_Init
 .text.HAL_UART_TxCpltCallback
                0x0800293e        0x2 build/stm32f1xx_hal_uart.o
                0x0800293e                HAL_UART_TxCpltCallback
 .text.UART_EndTransmit_IT
                0x08002940       0x1a build/stm32f1xx_hal_uart.o
 .text.HAL_UART_RxHalfCpltCallback
                0x0800295a        0x2 build/stm32f1xx_hal_uart.o
                0x0800295a                HAL_UART_RxHalfCpltCallback
 .text.HAL_UART_ErrorCallback
                0x0800295c        0x2 build/stm32f1xx_hal_uart.o
                0x0800295c                HAL_UART_ErrorCallback
 .text.UART_DMAError
                0x0800295e       0x58 build/stm32f1xx_hal_uart.o
 .text.UART_DMAAbortOnError
                0x080029b6       0x10 build/stm32f1xx_hal_uart.o
 .text.HAL_UARTEx_RxEventCallback
                0x080029c6        0x2 build/stm32f1xx_hal_uart.o
                0x080029c6                HAL_UARTEx_RxEventCallback
 .text.UART_Receive_IT
                0x080029c8       0xd4 build/stm32f1xx_hal_uart.o
 .text.HAL_UART_IRQHandler
                0x08002a9c      0x204 build/stm32f1xx_hal_uart.o
                0x08002a9c                HAL_UART_IRQHandler
 .text.UART_DMARxHalfCplt
                0x08002ca0       0x1a build/stm32f1xx_hal_uart.o
 .text.UART_DMAReceiveCplt
                0x08002cba       0x5e build/stm32f1xx_hal_uart.o
 .text.UART_Start_Receive_IT
                0x08002d18       0x36 build/stm32f1xx_hal_uart.o
                0x08002d18                UART_Start_Receive_IT
 .text.HAL_UART_Receive_IT
                0x08002d4e       0x38 build/stm32f1xx_hal_uart.o
                0x08002d4e                HAL_UART_Receive_IT
 *fill*         0x08002d86        0x2 
 .text.UART_Start_Receive_DMA
                0x08002d88       0x78 build/stm32f1xx_hal_uart.o
                0x08002d88                UART_Start_Receive_DMA
 .text.HAL_UART_Receive_DMA
                0x08002e00       0x38 build/stm32f1xx_hal_uart.o
                0x08002e00                HAL_UART_Receive_DMA
 .text.SystemInit
                0x08002e38        0x2 build/system_stm32f1xx.o
                0x08002e38                SystemInit
 *fill*         0x08002e3a        0x2 
 .text.Reset_Handler
                0x08002e3c       0x48 build/startup_stm32f103xe.o
                0x08002e3c                Reset_Handler
 .text.Default_Handler
                0x08002e84        0x2 build/startup_stm32f103xe.o
                0x08002e84                RTC_Alarm_IRQHandler
                0x08002e84                EXTI2_IRQHandler
                0x08002e84                TIM8_TRG_COM_IRQHandler
                0x08002e84                TIM8_CC_IRQHandler
                0x08002e84                TIM6_IRQHandler
                0x08002e84                PVD_IRQHandler
                0x08002e84                SDIO_IRQHandler
                0x08002e84                EXTI3_IRQHandler
                0x08002e84                EXTI0_IRQHandler
                0x08002e84                I2C2_EV_IRQHandler
                0x08002e84                ADC1_2_IRQHandler
                0x08002e84                SPI1_IRQHandler
                0x08002e84                TAMPER_IRQHandler
                0x08002e84                TIM8_UP_IRQHandler
                0x08002e84                DMA2_Channel2_IRQHandler
                0x08002e84                DMA1_Channel4_IRQHandler
                0x08002e84                USART3_IRQHandler
                0x08002e84                RTC_IRQHandler
                0x08002e84                DMA1_Channel7_IRQHandler
                0x08002e84                CAN1_RX1_IRQHandler
                0x08002e84                ADC3_IRQHandler
                0x08002e84                DMA2_Channel1_IRQHandler
                0x08002e84                I2C1_EV_IRQHandler
                0x08002e84                DMA1_Channel6_IRQHandler
                0x08002e84                RCC_IRQHandler
                0x08002e84                DMA1_Channel1_IRQHandler
                0x08002e84                Default_Handler
                0x08002e84                EXTI15_10_IRQHandler
                0x08002e84                TIM7_IRQHandler
                0x08002e84                EXTI9_5_IRQHandler
                0x08002e84                SPI2_IRQHandler
                0x08002e84                DMA1_Channel5_IRQHandler
                0x08002e84                EXTI4_IRQHandler
                0x08002e84                USB_LP_CAN1_RX0_IRQHandler
                0x08002e84                USB_HP_CAN1_TX_IRQHandler
                0x08002e84                DMA1_Channel3_IRQHandler
                0x08002e84                FSMC_IRQHandler
                0x08002e84                WWDG_IRQHandler
                0x08002e84                EXTI1_IRQHandler
                0x08002e84                DMA2_Channel4_5_IRQHandler
                0x08002e84                USART2_IRQHandler
                0x08002e84                I2C2_ER_IRQHandler
                0x08002e84                DMA1_Channel2_IRQHandler
                0x08002e84                TIM8_BRK_IRQHandler
                0x08002e84                CAN1_SCE_IRQHandler
                0x08002e84                FLASH_IRQHandler
                0x08002e84                USART1_IRQHandler
                0x08002e84                SPI3_IRQHandler
                0x08002e84                I2C1_ER_IRQHandler
                0x08002e84                USBWakeUp_IRQHandler
 *fill*         0x08002e86        0x2 
 .text.__libc_init_array
                0x08002e88       0x48 c:/program files (x86)/gnu arm embedded toolchain/10 2021.07/bin/../lib/gcc/arm-none-eabi/10.3.1/../../../../arm-none-eabi/lib/thumb/v7-m/nofp\libc_nano.a(lib_a-init.o)
                0x08002e88                __libc_init_array
 .text.memset   0x08002ed0       0x10 c:/program files (x86)/gnu arm embedded toolchain/10 2021.07/bin/../lib/gcc/arm-none-eabi/10.3.1/../../../../arm-none-eabi/lib/thumb/v7-m/nofp\libc_nano.a(lib_a-memset.o)
                0x08002ed0                memset
 *(.glue_7)
 .glue_7        0x08002ee0        0x0 linker stubs
 *(.glue_7t)
 .glue_7t       0x08002ee0        0x0 linker stubs
 *(.eh_frame)
 .eh_frame      0x08002ee0        0x0 c:/program files (x86)/gnu arm embedded toolchain/10 2021.07/bin/../lib/gcc/arm-none-eabi/10.3.1/thumb/v7-m/nofp/crtbegin.o
 *(.init)
 .init          0x08002ee0        0x4 c:/program files (x86)/gnu arm embedded toolchain/10 2021.07/bin/../lib/gcc/arm-none-eabi/10.3.1/thumb/v7-m/nofp/crti.o
                0x08002ee0                _init
 .init          0x08002ee4        0x8 c:/program files (x86)/gnu arm embedded toolchain/10 2021.07/bin/../lib/gcc/arm-none-eabi/10.3.1/thumb/v7-m/nofp/crtn.o
 *(.fini)
 .fini          0x08002eec        0x4 c:/program files (x86)/gnu arm embedded toolchain/10 2021.07/bin/../lib/gcc/arm-none-eabi/10.3.1/thumb/v7-m/nofp/crti.o
                0x08002eec                _fini
 .fini          0x08002ef0        0x8 c:/program files (x86)/gnu arm embedded toolchain/10 2021.07/bin/../lib/gcc/arm-none-eabi/10.3.1/thumb/v7-m/nofp/crtn.o
                0x08002ef8                . = ALIGN (0x4)
                0x08002ef8                _etext = .

.vfp11_veneer   0x08002ef8        0x0
 .vfp11_veneer  0x08002ef8        0x0 linker stubs

.v4_bx          0x08002ef8        0x0
 .v4_bx         0x08002ef8        0x0 linker stubs

.iplt           0x08002ef8        0x0
 .iplt          0x08002ef8        0x0 c:/program files (x86)/gnu arm embedded toolchain/10 2021.07/bin/../lib/gcc/arm-none-eabi/10.3.1/thumb/v7-m/nofp/crtbegin.o

.rodata         0x08002ef8       0x2c
                0x08002ef8                . = ALIGN (0x4)
 *(.rodata)
 *(.rodata*)
 .rodata.HAL_RCC_GetSysClockFreq.str1.4
                0x08002ef8       0x11 build/stm32f1xx_hal_rcc.o
 *fill*         0x08002f09        0x3 
 .rodata.AHBPrescTable
                0x08002f0c       0x10 build/system_stm32f1xx.o
                0x08002f0c                AHBPrescTable
 .rodata.APBPrescTable
                0x08002f1c        0x8 build/system_stm32f1xx.o
                0x08002f1c                APBPrescTable
                0x08002f24                . = ALIGN (0x4)

.rel.dyn        0x08002f24        0x0
 .rel.iplt      0x08002f24        0x0 c:/program files (x86)/gnu arm embedded toolchain/10 2021.07/bin/../lib/gcc/arm-none-eabi/10.3.1/thumb/v7-m/nofp/crtbegin.o

.ARM.extab
 *(.ARM.extab* .gnu.linkonce.armextab.*)

.ARM            0x08002f24        0x0
                0x08002f24                __exidx_start = .
 *(.ARM.exidx*)
                0x08002f24                __exidx_end = .

.preinit_array  0x08002f24        0x0
                0x08002f24                PROVIDE (__preinit_array_start = .)
 *(.preinit_array*)
                0x08002f24                PROVIDE (__preinit_array_end = .)

.init_array     0x08002f24        0x4
                0x08002f24                PROVIDE (__init_array_start = .)
 *(SORT_BY_NAME(.init_array.*))
 *(.init_array*)
 .init_array    0x08002f24        0x4 c:/program files (x86)/gnu arm embedded toolchain/10 2021.07/bin/../lib/gcc/arm-none-eabi/10.3.1/thumb/v7-m/nofp/crtbegin.o
                0x08002f28                PROVIDE (__init_array_end = .)

.fini_array     0x08002f28        0x4
                [!provide]                PROVIDE (__fini_array_start = .)
 *(SORT_BY_NAME(.fini_array.*))
 *(.fini_array*)
 .fini_array    0x08002f28        0x4 c:/program files (x86)/gnu arm embedded toolchain/10 2021.07/bin/../lib/gcc/arm-none-eabi/10.3.1/thumb/v7-m/nofp/crtbegin.o
                [!provide]                PROVIDE (__fini_array_end = .)
                0x08002f2c                _sidata = LOADADDR (.data)

.data           0x20000000        0xc load address 0x08002f2c
                0x20000000                . = ALIGN (0x4)
                0x20000000                _sdata = .
 *(.data)
 *(.data*)
 .data.Rx_u4_len
                0x20000000        0x1 build/main.o
                0x20000000                Rx_u4_len
 .data.Rx_u5_len
                0x20000001        0x1 build/main.o
                0x20000001                Rx_u5_len
 .data.uwTickFreq
                0x20000002        0x1 build/stm32f1xx_hal.o
                0x20000002                uwTickFreq
 *fill*         0x20000003        0x1 
 .data.uwTickPrio
                0x20000004        0x4 build/stm32f1xx_hal.o
                0x20000004                uwTickPrio
 .data.SystemCoreClock
                0x20000008        0x4 build/system_stm32f1xx.o
                0x20000008                SystemCoreClock
                0x2000000c                . = ALIGN (0x4)
                0x2000000c                _edata = .

.igot.plt       0x2000000c        0x0 load address 0x08002f38
 .igot.plt      0x2000000c        0x0 c:/program files (x86)/gnu arm embedded toolchain/10 2021.07/bin/../lib/gcc/arm-none-eabi/10.3.1/thumb/v7-m/nofp/crtbegin.o
                0x2000000c                . = ALIGN (0x4)

.bss            0x2000000c      0x298 load address 0x08002f38
                0x2000000c                _sbss = .
                0x2000000c                __bss_start__ = _sbss
 *(.bss)
 .bss           0x2000000c       0x1c c:/program files (x86)/gnu arm embedded toolchain/10 2021.07/bin/../lib/gcc/arm-none-eabi/10.3.1/thumb/v7-m/nofp/crtbegin.o
 *(.bss*)
 .bss.motor     0x20000028       0x28 build/main.o
                0x20000028                motor
 .bss.pid_speed
                0x20000050        0x4 build/main.o
                0x20000050                pid_speed
 .bss.u4_RxBuffer
                0x20000054        0xa build/main.o
                0x20000054                u4_RxBuffer
 *fill*         0x2000005e        0x2 
 .bss.u5_Rxbuffer
                0x20000060        0xa build/main.o
                0x20000060                u5_Rxbuffer
 *fill*         0x2000006a        0x2 
 .bss.htim1     0x2000006c       0x48 build/tim.o
                0x2000006c                htim1
 .bss.htim2     0x200000b4       0x48 build/tim.o
                0x200000b4                htim2
 .bss.htim3     0x200000fc       0x48 build/tim.o
                0x200000fc                htim3
 .bss.htim4     0x20000144       0x48 build/tim.o
                0x20000144                htim4
 .bss.htim5     0x2000018c       0x48 build/tim.o
                0x2000018c                htim5
 .bss.hdma_uart4_rx
                0x200001d4       0x44 build/usart.o
                0x200001d4                hdma_uart4_rx
 .bss.huart4    0x20000218       0x44 build/usart.o
                0x20000218                huart4
 .bss.huart5    0x2000025c       0x44 build/usart.o
                0x2000025c                huart5
 .bss.uwTick    0x200002a0        0x4 build/stm32f1xx_hal.o
                0x200002a0                uwTick
 *(COMMON)
                0x200002a4                . = ALIGN (0x4)
                0x200002a4                _ebss = .
                0x200002a4                __bss_end__ = _ebss

._user_heap_stack
                0x200002a4      0x604 load address 0x08002f38
                0x200002a8                . = ALIGN (0x8)
 *fill*         0x200002a4        0x4 
                0x200002a8                PROVIDE (end = .)
                [!provide]                PROVIDE (_end = .)
                0x200004a8                . = (. + _Min_Heap_Size)
 *fill*         0x200002a8      0x200 
                0x200008a8                . = (. + _Min_Stack_Size)
 *fill*         0x200004a8      0x400 
                0x200008a8                . = ALIGN (0x8)

/DISCARD/
 libc.a(*)
 libm.a(*)
 libgcc.a(*)

.ARM.attributes
                0x00000000       0x29
 *(.ARM.attributes)
 .ARM.attributes
                0x00000000       0x1d c:/program files (x86)/gnu arm embedded toolchain/10 2021.07/bin/../lib/gcc/arm-none-eabi/10.3.1/thumb/v7-m/nofp/crti.o
 .ARM.attributes
                0x0000001d       0x2d c:/program files (x86)/gnu arm embedded toolchain/10 2021.07/bin/../lib/gcc/arm-none-eabi/10.3.1/thumb/v7-m/nofp/crtbegin.o
 .ARM.attributes
                0x0000004a       0x2d build/main.o
 .ARM.attributes
                0x00000077       0x2d build/gpio.o
 .ARM.attributes
                0x000000a4       0x2d build/dma.o
 .ARM.attributes
                0x000000d1       0x2d build/tim.o
 .ARM.attributes
                0x000000fe       0x2d build/usart.o
 .ARM.attributes
                0x0000012b       0x2d build/stm32f1xx_it.o
 .ARM.attributes
                0x00000158       0x2d build/stm32f1xx_hal_msp.o
 .ARM.attributes
                0x00000185       0x2d build/stm32f1xx_hal_tim.o
 .ARM.attributes
                0x000001b2       0x2d build/stm32f1xx_hal_tim_ex.o
 .ARM.attributes
                0x000001df       0x2d build/stm32f1xx_hal.o
 .ARM.attributes
                0x0000020c       0x2d build/stm32f1xx_hal_rcc.o
 .ARM.attributes
                0x00000239       0x2d build/stm32f1xx_hal_gpio.o
 .ARM.attributes
                0x00000266       0x2d build/stm32f1xx_hal_dma.o
 .ARM.attributes
                0x00000293       0x2d build/stm32f1xx_hal_cortex.o
 .ARM.attributes
                0x000002c0       0x2d build/stm32f1xx_hal_uart.o
 .ARM.attributes
                0x000002ed       0x2d build/system_stm32f1xx.o
 .ARM.attributes
                0x0000031a       0x21 build/startup_stm32f103xe.o
 .ARM.attributes
                0x0000033b       0x2d c:/program files (x86)/gnu arm embedded toolchain/10 2021.07/bin/../lib/gcc/arm-none-eabi/10.3.1/../../../../arm-none-eabi/lib/thumb/v7-m/nofp\libc_nano.a(lib_a-init.o)
 .ARM.attributes
                0x00000368       0x2d c:/program files (x86)/gnu arm embedded toolchain/10 2021.07/bin/../lib/gcc/arm-none-eabi/10.3.1/../../../../arm-none-eabi/lib/thumb/v7-m/nofp\libc_nano.a(lib_a-memset.o)
 .ARM.attributes
                0x00000395       0x1d c:/program files (x86)/gnu arm embedded toolchain/10 2021.07/bin/../lib/gcc/arm-none-eabi/10.3.1/thumb/v7-m/nofp/crtn.o
OUTPUT(build/EDC2022.elf elf32-littlearm)
LOAD linker stubs
LOAD c:/program files (x86)/gnu arm embedded toolchain/10 2021.07/bin/../lib/gcc/arm-none-eabi/10.3.1/../../../../arm-none-eabi/lib/thumb/v7-m/nofp\libc.a
LOAD c:/program files (x86)/gnu arm embedded toolchain/10 2021.07/bin/../lib/gcc/arm-none-eabi/10.3.1/../../../../arm-none-eabi/lib/thumb/v7-m/nofp\libm.a
LOAD c:/program files (x86)/gnu arm embedded toolchain/10 2021.07/bin/../lib/gcc/arm-none-eabi/10.3.1/thumb/v7-m/nofp\libgcc.a

.debug_info     0x00000000    0x10076
 .debug_info    0x00000000     0x181f build/main.o
 .debug_info    0x0000181f      0x384 build/gpio.o
 .debug_info    0x00001ba3      0x37d build/dma.o
 .debug_info    0x00001f20     0x1868 build/tim.o
 .debug_info    0x00003788      0xea6 build/usart.o
 .debug_info    0x0000462e      0xc44 build/stm32f1xx_it.o
 .debug_info    0x00005272      0x238 build/stm32f1xx_hal_msp.o
 .debug_info    0x000054aa     0x3df8 build/stm32f1xx_hal_tim.o
 .debug_info    0x000092a2     0x1b67 build/stm32f1xx_hal_tim_ex.o
 .debug_info    0x0000ae09      0x8bb build/stm32f1xx_hal.o
 .debug_info    0x0000b6c4      0xaec build/stm32f1xx_hal_rcc.o
 .debug_info    0x0000c1b0      0x6d7 build/stm32f1xx_hal_gpio.o
 .debug_info    0x0000c887      0x8ba build/stm32f1xx_hal_dma.o
 .debug_info    0x0000d141      0xe93 build/stm32f1xx_hal_cortex.o
 .debug_info    0x0000dfd4     0x1e12 build/stm32f1xx_hal_uart.o
 .debug_info    0x0000fde6      0x26e build/system_stm32f1xx.o
 .debug_info    0x00010054       0x22 build/startup_stm32f103xe.o

.debug_abbrev   0x00000000     0x221a
 .debug_abbrev  0x00000000      0x31c build/main.o
 .debug_abbrev  0x0000031c      0x13f build/gpio.o
 .debug_abbrev  0x0000045b      0x117 build/dma.o
 .debug_abbrev  0x00000572      0x246 build/tim.o
 .debug_abbrev  0x000007b8      0x24a build/usart.o
 .debug_abbrev  0x00000a02      0x198 build/stm32f1xx_it.o
 .debug_abbrev  0x00000b9a       0xe7 build/stm32f1xx_hal_msp.o
 .debug_abbrev  0x00000c81      0x296 build/stm32f1xx_hal_tim.o
 .debug_abbrev  0x00000f17      0x298 build/stm32f1xx_hal_tim_ex.o
 .debug_abbrev  0x000011af      0x1f7 build/stm32f1xx_hal.o
 .debug_abbrev  0x000013a6      0x29a build/stm32f1xx_hal_rcc.o
 .debug_abbrev  0x00001640      0x222 build/stm32f1xx_hal_gpio.o
 .debug_abbrev  0x00001862      0x262 build/stm32f1xx_hal_dma.o
 .debug_abbrev  0x00001ac4      0x359 build/stm32f1xx_hal_cortex.o
 .debug_abbrev  0x00001e1d      0x2ab build/stm32f1xx_hal_uart.o
 .debug_abbrev  0x000020c8      0x140 build/system_stm32f1xx.o
 .debug_abbrev  0x00002208       0x12 build/startup_stm32f103xe.o

.debug_loc      0x00000000     0xc5e9
 .debug_loc     0x00000000      0x401 build/main.o
 .debug_loc     0x00000401       0x38 build/gpio.o
 .debug_loc     0x00000439       0x38 build/dma.o
 .debug_loc     0x00000471      0x468 build/tim.o
 .debug_loc     0x000008d9      0x25a build/usart.o
 .debug_loc     0x00000b33      0x180 build/stm32f1xx_it.o
 .debug_loc     0x00000cb3       0x41 build/stm32f1xx_hal_msp.o
 .debug_loc     0x00000cf4     0x5280 build/stm32f1xx_hal_tim.o
 .debug_loc     0x00005f74     0x1f72 build/stm32f1xx_hal_tim_ex.o
 .debug_loc     0x00007ee6      0x1e1 build/stm32f1xx_hal.o
 .debug_loc     0x000080c7      0x7ee build/stm32f1xx_hal_rcc.o
 .debug_loc     0x000088b5      0x551 build/stm32f1xx_hal_gpio.o
 .debug_loc     0x00008e06      0x8ea build/stm32f1xx_hal_dma.o
 .debug_loc     0x000096f0      0x77f build/stm32f1xx_hal_cortex.o
 .debug_loc     0x00009e6f     0x267b build/stm32f1xx_hal_uart.o
 .debug_loc     0x0000c4ea       0xff build/system_stm32f1xx.o

.debug_aranges  0x00000000      0xc98
 .debug_aranges
                0x00000000       0x70 build/main.o
 .debug_aranges
                0x00000070       0x20 build/gpio.o
 .debug_aranges
                0x00000090       0x20 build/dma.o
 .debug_aranges
                0x000000b0       0x68 build/tim.o
 .debug_aranges
                0x00000118       0x48 build/usart.o
 .debug_aranges
                0x00000160       0xb8 build/stm32f1xx_it.o
 .debug_aranges
                0x00000218       0x20 build/stm32f1xx_hal_msp.o
 .debug_aranges
                0x00000238      0x3d0 build/stm32f1xx_hal_tim.o
 .debug_aranges
                0x00000608      0x168 build/stm32f1xx_hal_tim_ex.o
 .debug_aranges
                0x00000770       0xe0 build/stm32f1xx_hal.o
 .debug_aranges
                0x00000850       0x90 build/stm32f1xx_hal_rcc.o
 .debug_aranges
                0x000008e0       0x58 build/stm32f1xx_hal_gpio.o
 .debug_aranges
                0x00000938       0x80 build/stm32f1xx_hal_dma.o
 .debug_aranges
                0x000009b8       0x90 build/stm32f1xx_hal_cortex.o
 .debug_aranges
                0x00000a48      0x200 build/stm32f1xx_hal_uart.o
 .debug_aranges
                0x00000c48       0x28 build/system_stm32f1xx.o
 .debug_aranges
                0x00000c70       0x28 build/startup_stm32f103xe.o

.debug_ranges   0x00000000      0xc10
 .debug_ranges  0x00000000       0x60 build/main.o
 .debug_ranges  0x00000060       0x10 build/gpio.o
 .debug_ranges  0x00000070       0x10 build/dma.o
 .debug_ranges  0x00000080       0x58 build/tim.o
 .debug_ranges  0x000000d8       0x38 build/usart.o
 .debug_ranges  0x00000110       0xa8 build/stm32f1xx_it.o
 .debug_ranges  0x000001b8       0x10 build/stm32f1xx_hal_msp.o
 .debug_ranges  0x000001c8      0x3c0 build/stm32f1xx_hal_tim.o
 .debug_ranges  0x00000588      0x158 build/stm32f1xx_hal_tim_ex.o
 .debug_ranges  0x000006e0       0xd0 build/stm32f1xx_hal.o
 .debug_ranges  0x000007b0       0xa0 build/stm32f1xx_hal_rcc.o
 .debug_ranges  0x00000850       0x48 build/stm32f1xx_hal_gpio.o
 .debug_ranges  0x00000898       0x70 build/stm32f1xx_hal_dma.o
 .debug_ranges  0x00000908       0xe0 build/stm32f1xx_hal_cortex.o
 .debug_ranges  0x000009e8      0x1f0 build/stm32f1xx_hal_uart.o
 .debug_ranges  0x00000bd8       0x18 build/system_stm32f1xx.o
 .debug_ranges  0x00000bf0       0x20 build/startup_stm32f103xe.o

.debug_line     0x00000000     0xcd6d
 .debug_line    0x00000000      0x630 build/main.o
 .debug_line    0x00000630      0x1f2 build/gpio.o
 .debug_line    0x00000822      0x197 build/dma.o
 .debug_line    0x000009b9      0x831 build/tim.o
 .debug_line    0x000011ea      0x574 build/usart.o
 .debug_line    0x0000175e      0x3f5 build/stm32f1xx_it.o
 .debug_line    0x00001b53      0x174 build/stm32f1xx_hal_msp.o
 .debug_line    0x00001cc7     0x4735 build/stm32f1xx_hal_tim.o
 .debug_line    0x000063fc     0x1bbe build/stm32f1xx_hal_tim_ex.o
 .debug_line    0x00007fba      0x526 build/stm32f1xx_hal.o
 .debug_line    0x000084e0      0xc24 build/stm32f1xx_hal_rcc.o
 .debug_line    0x00009104      0x5ef build/stm32f1xx_hal_gpio.o
 .debug_line    0x000096f3      0xce3 build/stm32f1xx_hal_dma.o
 .debug_line    0x0000a3d6      0x631 build/stm32f1xx_hal_cortex.o
 .debug_line    0x0000aa07     0x20b3 build/stm32f1xx_hal_uart.o
 .debug_line    0x0000caba      0x23e build/system_stm32f1xx.o
 .debug_line    0x0000ccf8       0x75 build/startup_stm32f103xe.o

.debug_str      0x00000000     0x3a8f
 .debug_str     0x00000000      0xcba build/main.o
                                0xda5 (size before relaxing)
 .debug_str     0x00000cba       0xac build/gpio.o
                                0x25b (size before relaxing)
 .debug_str     0x00000d66      0x3f0 build/dma.o
                                0x5a2 (size before relaxing)
 .debug_str     0x00001156      0x3d0 build/tim.o
                                0xf30 (size before relaxing)
 .debug_str     0x00001526       0xc2 build/usart.o
                                0xb05 (size before relaxing)
 .debug_str     0x000015e8      0x1bb build/stm32f1xx_it.o
                                0xa04 (size before relaxing)
 .debug_str     0x000017a3       0x29 build/stm32f1xx_hal_msp.o
                                0x1fd (size before relaxing)
 .debug_str     0x000017cc      0xcd8 build/stm32f1xx_hal_tim.o
                               0x1616 (size before relaxing)
 .debug_str     0x000024a4      0x46f build/stm32f1xx_hal_tim_ex.o
                                0xe17 (size before relaxing)
 .debug_str     0x00002913      0x309 build/stm32f1xx_hal.o
                                0x8e6 (size before relaxing)
 .debug_str     0x00002c1c      0x1fe build/stm32f1xx_hal_rcc.o
                                0x609 (size before relaxing)
 .debug_str     0x00002e1a      0x117 build/stm32f1xx_hal_gpio.o
                                0x3de (size before relaxing)
 .debug_str     0x00002f31      0x1db build/stm32f1xx_hal_dma.o
                                0x5db (size before relaxing)
 .debug_str     0x0000310c      0x39b build/stm32f1xx_hal_cortex.o
                                0x995 (size before relaxing)
 .debug_str     0x000034a7      0x575 build/stm32f1xx_hal_uart.o
                                0xc6c (size before relaxing)
 .debug_str     0x00003a1c       0x4f build/system_stm32f1xx.o
                                0x232 (size before relaxing)
 .debug_str     0x00003a6b       0x24 build/startup_stm32f103xe.o
                                 0x51 (size before relaxing)

.comment        0x00000000       0x49
 .comment       0x00000000       0x49 build/main.o
                                 0x4a (size before relaxing)
 .comment       0x00000049       0x4a build/gpio.o
 .comment       0x00000049       0x4a build/dma.o
 .comment       0x00000049       0x4a build/tim.o
 .comment       0x00000049       0x4a build/usart.o
 .comment       0x00000049       0x4a build/stm32f1xx_it.o
 .comment       0x00000049       0x4a build/stm32f1xx_hal_msp.o
 .comment       0x00000049       0x4a build/stm32f1xx_hal_tim.o
 .comment       0x00000049       0x4a build/stm32f1xx_hal_tim_ex.o
 .comment       0x00000049       0x4a build/stm32f1xx_hal.o
 .comment       0x00000049       0x4a build/stm32f1xx_hal_rcc.o
 .comment       0x00000049       0x4a build/stm32f1xx_hal_gpio.o
 .comment       0x00000049       0x4a build/stm32f1xx_hal_dma.o
 .comment       0x00000049       0x4a build/stm32f1xx_hal_cortex.o
 .comment       0x00000049       0x4a build/stm32f1xx_hal_uart.o
 .comment       0x00000049       0x4a build/system_stm32f1xx.o

.debug_frame    0x00000000     0x2160
 .debug_frame   0x00000000      0x118 build/main.o
 .debug_frame   0x00000118       0x38 build/gpio.o
 .debug_frame   0x00000150       0x2c build/dma.o
 .debug_frame   0x0000017c      0x140 build/tim.o
 .debug_frame   0x000002bc       0xe4 build/usart.o
 .debug_frame   0x000003a0      0x1b0 build/stm32f1xx_it.o
 .debug_frame   0x00000550       0x28 build/stm32f1xx_hal_msp.o
 .debug_frame   0x00000578      0xb04 build/stm32f1xx_hal_tim.o
 .debug_frame   0x0000107c      0x40c build/stm32f1xx_hal_tim_ex.o
 .debug_frame   0x00001488      0x1cc build/stm32f1xx_hal.o
 .debug_frame   0x00001654      0x190 build/stm32f1xx_hal_rcc.o
 .debug_frame   0x000017e4       0xe4 build/stm32f1xx_hal_gpio.o
 .debug_frame   0x000018c8      0x140 build/stm32f1xx_hal_dma.o
 .debug_frame   0x00001a08      0x118 build/stm32f1xx_hal_cortex.o
 .debug_frame   0x00001b20      0x5c4 build/stm32f1xx_hal_uart.o
 .debug_frame   0x000020e4       0x30 build/system_stm32f1xx.o
 .debug_frame   0x00002114       0x2c c:/program files (x86)/gnu arm embedded toolchain/10 2021.07/bin/../lib/gcc/arm-none-eabi/10.3.1/../../../../arm-none-eabi/lib/thumb/v7-m/nofp\libc_nano.a(lib_a-init.o)
 .debug_frame   0x00002140       0x20 c:/program files (x86)/gnu arm embedded toolchain/10 2021.07/bin/../lib/gcc/arm-none-eabi/10.3.1/../../../../arm-none-eabi/lib/thumb/v7-m/nofp\libc_nano.a(lib_a-memset.o)

Cross Reference Table

Symbol                                            File
ADC1_2_IRQHandler                                 build/startup_stm32f103xe.o
ADC3_IRQHandler                                   build/startup_stm32f103xe.o
AHBPrescTable                                     build/system_stm32f1xx.o
                                                  build/stm32f1xx_hal_rcc.o
APBPrescTable                                     build/system_stm32f1xx.o
                                                  build/stm32f1xx_hal_rcc.o
BusFault_Handler                                  build/stm32f1xx_it.o
CAN1_RX1_IRQHandler                               build/startup_stm32f103xe.o
CAN1_SCE_IRQHandler                               build/startup_stm32f103xe.o
DMA1_Channel1_IRQHandler                          build/startup_stm32f103xe.o
DMA1_Channel2_IRQHandler                          build/startup_stm32f103xe.o
DMA1_Channel3_IRQHandler                          build/startup_stm32f103xe.o
DMA1_Channel4_IRQHandler                          build/startup_stm32f103xe.o
DMA1_Channel5_IRQHandler                          build/startup_stm32f103xe.o
DMA1_Channel6_IRQHandler                          build/startup_stm32f103xe.o
DMA1_Channel7_IRQHandler                          build/startup_stm32f103xe.o
DMA2_Channel1_IRQHandler                          build/startup_stm32f103xe.o
DMA2_Channel2_IRQHandler                          build/startup_stm32f103xe.o
DMA2_Channel3_IRQHandler                          build/stm32f1xx_it.o
DMA2_Channel4_5_IRQHandler                        build/startup_stm32f103xe.o
DebugMon_Handler                                  build/stm32f1xx_it.o
Default_Handler                                   build/startup_stm32f103xe.o
EXTI0_IRQHandler                                  build/startup_stm32f103xe.o
EXTI15_10_IRQHandler                              build/startup_stm32f103xe.o
EXTI1_IRQHandler                                  build/startup_stm32f103xe.o
EXTI2_IRQHandler                                  build/startup_stm32f103xe.o
EXTI3_IRQHandler                                  build/startup_stm32f103xe.o
EXTI4_IRQHandler                                  build/startup_stm32f103xe.o
EXTI9_5_IRQHandler                                build/startup_stm32f103xe.o
Error_Handler                                     build/main.o
                                                  build/usart.o
                                                  build/tim.o
FLASH_IRQHandler                                  build/startup_stm32f103xe.o
FLASH_PageErase                                   build/stm32f1xx_hal_flash_ex.o
                                                  build/stm32f1xx_hal_flash.o
FLASH_WaitForLastOperation                        build/stm32f1xx_hal_flash.o
                                                  build/stm32f1xx_hal_flash_ex.o
FSMC_IRQHandler                                   build/startup_stm32f103xe.o
HAL_DBGMCU_DisableDBGSleepMode                    build/stm32f1xx_hal.o
HAL_DBGMCU_DisableDBGStandbyMode                  build/stm32f1xx_hal.o
HAL_DBGMCU_DisableDBGStopMode                     build/stm32f1xx_hal.o
HAL_DBGMCU_EnableDBGSleepMode                     build/stm32f1xx_hal.o
HAL_DBGMCU_EnableDBGStandbyMode                   build/stm32f1xx_hal.o
HAL_DBGMCU_EnableDBGStopMode                      build/stm32f1xx_hal.o
HAL_DMA_Abort                                     build/stm32f1xx_hal_dma.o
                                                  build/stm32f1xx_hal_uart.o
HAL_DMA_Abort_IT                                  build/stm32f1xx_hal_dma.o
                                                  build/stm32f1xx_hal_uart.o
                                                  build/stm32f1xx_hal_tim_ex.o
                                                  build/stm32f1xx_hal_tim.o
HAL_DMA_DeInit                                    build/stm32f1xx_hal_dma.o
                                                  build/usart.o
HAL_DMA_GetError                                  build/stm32f1xx_hal_dma.o
                                                  build/stm32f1xx_hal_uart.o
HAL_DMA_GetState                                  build/stm32f1xx_hal_dma.o
HAL_DMA_IRQHandler                                build/stm32f1xx_hal_dma.o
                                                  build/stm32f1xx_it.o
HAL_DMA_Init                                      build/stm32f1xx_hal_dma.o
                                                  build/usart.o
HAL_DMA_PollForTransfer                           build/stm32f1xx_hal_dma.o
HAL_DMA_RegisterCallback                          build/stm32f1xx_hal_dma.o
HAL_DMA_Start                                     build/stm32f1xx_hal_dma.o
HAL_DMA_Start_IT                                  build/stm32f1xx_hal_dma.o
                                                  build/stm32f1xx_hal_uart.o
                                                  build/stm32f1xx_hal_tim_ex.o
                                                  build/stm32f1xx_hal_tim.o
HAL_DMA_UnRegisterCallback                        build/stm32f1xx_hal_dma.o
HAL_DeInit                                        build/stm32f1xx_hal.o
HAL_Delay                                         build/stm32f1xx_hal.o
HAL_EXTI_ClearConfigLine                          build/stm32f1xx_hal_exti.o
HAL_EXTI_ClearPending                             build/stm32f1xx_hal_exti.o
HAL_EXTI_GenerateSWI                              build/stm32f1xx_hal_exti.o
HAL_EXTI_GetConfigLine                            build/stm32f1xx_hal_exti.o
HAL_EXTI_GetHandle                                build/stm32f1xx_hal_exti.o
HAL_EXTI_GetPending                               build/stm32f1xx_hal_exti.o
HAL_EXTI_IRQHandler                               build/stm32f1xx_hal_exti.o
HAL_EXTI_RegisterCallback                         build/stm32f1xx_hal_exti.o
HAL_EXTI_SetConfigLine                            build/stm32f1xx_hal_exti.o
HAL_FLASHEx_Erase                                 build/stm32f1xx_hal_flash_ex.o
HAL_FLASHEx_Erase_IT                              build/stm32f1xx_hal_flash_ex.o
HAL_FLASHEx_OBErase                               build/stm32f1xx_hal_flash_ex.o
HAL_FLASHEx_OBGetConfig                           build/stm32f1xx_hal_flash_ex.o
HAL_FLASHEx_OBGetUserData                         build/stm32f1xx_hal_flash_ex.o
HAL_FLASHEx_OBProgram                             build/stm32f1xx_hal_flash_ex.o
HAL_FLASH_EndOfOperationCallback                  build/stm32f1xx_hal_flash.o
HAL_FLASH_GetError                                build/stm32f1xx_hal_flash.o
HAL_FLASH_IRQHandler                              build/stm32f1xx_hal_flash.o
HAL_FLASH_Lock                                    build/stm32f1xx_hal_flash.o
HAL_FLASH_OB_Launch                               build/stm32f1xx_hal_flash.o
HAL_FLASH_OB_Lock                                 build/stm32f1xx_hal_flash.o
HAL_FLASH_OB_Unlock                               build/stm32f1xx_hal_flash.o
HAL_FLASH_OperationErrorCallback                  build/stm32f1xx_hal_flash.o
HAL_FLASH_Program                                 build/stm32f1xx_hal_flash.o
HAL_FLASH_Program_IT                              build/stm32f1xx_hal_flash.o
HAL_FLASH_Unlock                                  build/stm32f1xx_hal_flash.o
HAL_GPIOEx_ConfigEventout                         build/stm32f1xx_hal_gpio_ex.o
HAL_GPIOEx_DisableEventout                        build/stm32f1xx_hal_gpio_ex.o
HAL_GPIOEx_EnableEventout                         build/stm32f1xx_hal_gpio_ex.o
HAL_GPIO_DeInit                                   build/stm32f1xx_hal_gpio.o
                                                  build/usart.o
                                                  build/tim.o
HAL_GPIO_EXTI_Callback                            build/stm32f1xx_hal_gpio.o
HAL_GPIO_EXTI_IRQHandler                          build/stm32f1xx_hal_gpio.o
HAL_GPIO_Init                                     build/stm32f1xx_hal_gpio.o
                                                  build/stm32f1xx_hal_rcc.o
                                                  build/usart.o
                                                  build/tim.o
                                                  build/gpio.o
HAL_GPIO_LockPin                                  build/stm32f1xx_hal_gpio.o
HAL_GPIO_ReadPin                                  build/stm32f1xx_hal_gpio.o
HAL_GPIO_TogglePin                                build/stm32f1xx_hal_gpio.o
HAL_GPIO_WritePin                                 build/stm32f1xx_hal_gpio.o
                                                  build/gpio.o
                                                  build/main.o
HAL_GetDEVID                                      build/stm32f1xx_hal.o
HAL_GetHalVersion                                 build/stm32f1xx_hal.o
HAL_GetREVID                                      build/stm32f1xx_hal.o
HAL_GetTick                                       build/stm32f1xx_hal.o
                                                  build/stm32f1xx_hal_uart.o
                                                  build/stm32f1xx_hal_flash.o
                                                  build/stm32f1xx_hal_dma.o
                                                  build/stm32f1xx_hal_rcc_ex.o
                                                  build/stm32f1xx_hal_rcc.o
HAL_GetTickFreq                                   build/stm32f1xx_hal.o
HAL_GetTickPrio                                   build/stm32f1xx_hal.o
HAL_GetUIDw0                                      build/stm32f1xx_hal.o
HAL_GetUIDw1                                      build/stm32f1xx_hal.o
HAL_GetUIDw2                                      build/stm32f1xx_hal.o
HAL_HalfDuplex_EnableReceiver                     build/stm32f1xx_hal_uart.o
HAL_HalfDuplex_EnableTransmitter                  build/stm32f1xx_hal_uart.o
HAL_HalfDuplex_Init                               build/stm32f1xx_hal_uart.o
HAL_IncTick                                       build/stm32f1xx_hal.o
                                                  build/stm32f1xx_it.o
HAL_Init                                          build/stm32f1xx_hal.o
                                                  build/main.o
HAL_InitTick                                      build/stm32f1xx_hal.o
                                                  build/stm32f1xx_hal_rcc.o
HAL_LIN_Init                                      build/stm32f1xx_hal_uart.o
HAL_LIN_SendBreak                                 build/stm32f1xx_hal_uart.o
HAL_MspDeInit                                     build/stm32f1xx_hal.o
HAL_MspInit                                       build/stm32f1xx_hal_msp.o
HAL_MultiProcessor_EnterMuteMode                  build/stm32f1xx_hal_uart.o
HAL_MultiProcessor_ExitMuteMode                   build/stm32f1xx_hal_uart.o
HAL_MultiProcessor_Init                           build/stm32f1xx_hal_uart.o
HAL_NVIC_ClearPendingIRQ                          build/stm32f1xx_hal_cortex.o
HAL_NVIC_DisableIRQ                               build/stm32f1xx_hal_cortex.o
                                                  build/usart.o
                                                  build/tim.o
HAL_NVIC_EnableIRQ                                build/stm32f1xx_hal_cortex.o
                                                  build/usart.o
                                                  build/tim.o
                                                  build/dma.o
HAL_NVIC_GetActive                                build/stm32f1xx_hal_cortex.o
HAL_NVIC_GetPendingIRQ                            build/stm32f1xx_hal_cortex.o
HAL_NVIC_GetPriority                              build/stm32f1xx_hal_cortex.o
HAL_NVIC_GetPriorityGrouping                      build/stm32f1xx_hal_cortex.o
HAL_NVIC_SetPendingIRQ                            build/stm32f1xx_hal_cortex.o
HAL_NVIC_SetPriority                              build/stm32f1xx_hal_cortex.o
                                                  build/stm32f1xx_hal.o
                                                  build/usart.o
                                                  build/tim.o
                                                  build/dma.o
HAL_NVIC_SetPriorityGrouping                      build/stm32f1xx_hal_cortex.o
                                                  build/stm32f1xx_hal.o
HAL_NVIC_SystemReset                              build/stm32f1xx_hal_cortex.o
                                                  build/stm32f1xx_hal_flash.o
HAL_PWR_ConfigPVD                                 build/stm32f1xx_hal_pwr.o
HAL_PWR_DeInit                                    build/stm32f1xx_hal_pwr.o
HAL_PWR_DisableBkUpAccess                         build/stm32f1xx_hal_pwr.o
HAL_PWR_DisablePVD                                build/stm32f1xx_hal_pwr.o
HAL_PWR_DisableSEVOnPend                          build/stm32f1xx_hal_pwr.o
HAL_PWR_DisableSleepOnExit                        build/stm32f1xx_hal_pwr.o
HAL_PWR_DisableWakeUpPin                          build/stm32f1xx_hal_pwr.o
HAL_PWR_EnableBkUpAccess                          build/stm32f1xx_hal_pwr.o
HAL_PWR_EnablePVD                                 build/stm32f1xx_hal_pwr.o
HAL_PWR_EnableSEVOnPend                           build/stm32f1xx_hal_pwr.o
HAL_PWR_EnableSleepOnExit                         build/stm32f1xx_hal_pwr.o
HAL_PWR_EnableWakeUpPin                           build/stm32f1xx_hal_pwr.o
HAL_PWR_EnterSLEEPMode                            build/stm32f1xx_hal_pwr.o
HAL_PWR_EnterSTANDBYMode                          build/stm32f1xx_hal_pwr.o
HAL_PWR_EnterSTOPMode                             build/stm32f1xx_hal_pwr.o
HAL_PWR_PVDCallback                               build/stm32f1xx_hal_pwr.o
HAL_PWR_PVD_IRQHandler                            build/stm32f1xx_hal_pwr.o
HAL_RCCEx_GetPeriphCLKConfig                      build/stm32f1xx_hal_rcc_ex.o
HAL_RCCEx_GetPeriphCLKFreq                        build/stm32f1xx_hal_rcc_ex.o
HAL_RCCEx_PeriphCLKConfig                         build/stm32f1xx_hal_rcc_ex.o
HAL_RCC_CSSCallback                               build/stm32f1xx_hal_rcc.o
HAL_RCC_ClockConfig                               build/stm32f1xx_hal_rcc.o
                                                  build/main.o
HAL_RCC_DeInit                                    build/stm32f1xx_hal_rcc.o
HAL_RCC_DisableCSS                                build/stm32f1xx_hal_rcc.o
HAL_RCC_EnableCSS                                 build/stm32f1xx_hal_rcc.o
HAL_RCC_GetClockConfig                            build/stm32f1xx_hal_rcc.o
HAL_RCC_GetHCLKFreq                               build/stm32f1xx_hal_rcc.o
HAL_RCC_GetOscConfig                              build/stm32f1xx_hal_rcc.o
HAL_RCC_GetPCLK1Freq                              build/stm32f1xx_hal_rcc.o
                                                  build/stm32f1xx_hal_uart.o
HAL_RCC_GetPCLK2Freq                              build/stm32f1xx_hal_rcc.o
                                                  build/stm32f1xx_hal_uart.o
                                                  build/stm32f1xx_hal_rcc_ex.o
HAL_RCC_GetSysClockFreq                           build/stm32f1xx_hal_rcc.o
                                                  build/stm32f1xx_hal_rcc_ex.o
HAL_RCC_MCOConfig                                 build/stm32f1xx_hal_rcc.o
HAL_RCC_NMI_IRQHandler                            build/stm32f1xx_hal_rcc.o
HAL_RCC_OscConfig                                 build/stm32f1xx_hal_rcc.o
                                                  build/main.o
HAL_ResumeTick                                    build/stm32f1xx_hal.o
HAL_SYSTICK_CLKSourceConfig                       build/stm32f1xx_hal_cortex.o
HAL_SYSTICK_Callback                              build/stm32f1xx_hal_cortex.o
HAL_SYSTICK_Config                                build/stm32f1xx_hal_cortex.o
                                                  build/stm32f1xx_hal.o
HAL_SYSTICK_IRQHandler                            build/stm32f1xx_hal_cortex.o
HAL_SetTickFreq                                   build/stm32f1xx_hal.o
HAL_SuspendTick                                   build/stm32f1xx_hal.o
HAL_TIMEx_BreakCallback                           build/stm32f1xx_hal_tim_ex.o
                                                  build/stm32f1xx_hal_tim.o
HAL_TIMEx_CommutCallback                          build/stm32f1xx_hal_tim_ex.o
                                                  build/stm32f1xx_hal_tim.o
HAL_TIMEx_CommutHalfCpltCallback                  build/stm32f1xx_hal_tim_ex.o
HAL_TIMEx_ConfigBreakDeadTime                     build/stm32f1xx_hal_tim_ex.o
                                                  build/tim.o
HAL_TIMEx_ConfigCommutEvent                       build/stm32f1xx_hal_tim_ex.o
HAL_TIMEx_ConfigCommutEvent_DMA                   build/stm32f1xx_hal_tim_ex.o
HAL_TIMEx_ConfigCommutEvent_IT                    build/stm32f1xx_hal_tim_ex.o
HAL_TIMEx_GetChannelNState                        build/stm32f1xx_hal_tim_ex.o
HAL_TIMEx_HallSensor_DeInit                       build/stm32f1xx_hal_tim_ex.o
HAL_TIMEx_HallSensor_GetState                     build/stm32f1xx_hal_tim_ex.o
HAL_TIMEx_HallSensor_Init                         build/stm32f1xx_hal_tim_ex.o
HAL_TIMEx_HallSensor_MspDeInit                    build/stm32f1xx_hal_tim_ex.o
HAL_TIMEx_HallSensor_MspInit                      build/stm32f1xx_hal_tim_ex.o
HAL_TIMEx_HallSensor_Start                        build/stm32f1xx_hal_tim_ex.o
HAL_TIMEx_HallSensor_Start_DMA                    build/stm32f1xx_hal_tim_ex.o
HAL_TIMEx_HallSensor_Start_IT                     build/stm32f1xx_hal_tim_ex.o
HAL_TIMEx_HallSensor_Stop                         build/stm32f1xx_hal_tim_ex.o
HAL_TIMEx_HallSensor_Stop_DMA                     build/stm32f1xx_hal_tim_ex.o
HAL_TIMEx_HallSensor_Stop_IT                      build/stm32f1xx_hal_tim_ex.o
HAL_TIMEx_MasterConfigSynchronization             build/stm32f1xx_hal_tim_ex.o
                                                  build/tim.o
HAL_TIMEx_OCN_Start                               build/stm32f1xx_hal_tim_ex.o
HAL_TIMEx_OCN_Start_DMA                           build/stm32f1xx_hal_tim_ex.o
HAL_TIMEx_OCN_Start_IT                            build/stm32f1xx_hal_tim_ex.o
HAL_TIMEx_OCN_Stop                                build/stm32f1xx_hal_tim_ex.o
HAL_TIMEx_OCN_Stop_DMA                            build/stm32f1xx_hal_tim_ex.o
HAL_TIMEx_OCN_Stop_IT                             build/stm32f1xx_hal_tim_ex.o
HAL_TIMEx_OnePulseN_Start                         build/stm32f1xx_hal_tim_ex.o
HAL_TIMEx_OnePulseN_Start_IT                      build/stm32f1xx_hal_tim_ex.o
HAL_TIMEx_OnePulseN_Stop                          build/stm32f1xx_hal_tim_ex.o
HAL_TIMEx_OnePulseN_Stop_IT                       build/stm32f1xx_hal_tim_ex.o
HAL_TIMEx_PWMN_Start                              build/stm32f1xx_hal_tim_ex.o
HAL_TIMEx_PWMN_Start_DMA                          build/stm32f1xx_hal_tim_ex.o
HAL_TIMEx_PWMN_Start_IT                           build/stm32f1xx_hal_tim_ex.o
HAL_TIMEx_PWMN_Stop                               build/stm32f1xx_hal_tim_ex.o
HAL_TIMEx_PWMN_Stop_DMA                           build/stm32f1xx_hal_tim_ex.o
HAL_TIMEx_PWMN_Stop_IT                            build/stm32f1xx_hal_tim_ex.o
HAL_TIMEx_RemapConfig                             build/stm32f1xx_hal_tim_ex.o
HAL_TIM_Base_DeInit                               build/stm32f1xx_hal_tim.o
HAL_TIM_Base_GetState                             build/stm32f1xx_hal_tim.o
HAL_TIM_Base_Init                                 build/stm32f1xx_hal_tim.o
                                                  build/tim.o
HAL_TIM_Base_MspDeInit                            build/tim.o
HAL_TIM_Base_MspInit                              build/tim.o
HAL_TIM_Base_Start                                build/stm32f1xx_hal_tim.o
HAL_TIM_Base_Start_DMA                            build/stm32f1xx_hal_tim.o
HAL_TIM_Base_Start_IT                             build/stm32f1xx_hal_tim.o
                                                  build/main.o
HAL_TIM_Base_Stop                                 build/stm32f1xx_hal_tim.o
HAL_TIM_Base_Stop_DMA                             build/stm32f1xx_hal_tim.o
HAL_TIM_Base_Stop_IT                              build/stm32f1xx_hal_tim.o
HAL_TIM_ConfigClockSource                         build/stm32f1xx_hal_tim.o
                                                  build/tim.o
HAL_TIM_ConfigOCrefClear                          build/stm32f1xx_hal_tim.o
HAL_TIM_ConfigTI1Input                            build/stm32f1xx_hal_tim.o
HAL_TIM_DMABurstState                             build/stm32f1xx_hal_tim.o
HAL_TIM_DMABurst_MultiReadStart                   build/stm32f1xx_hal_tim.o
HAL_TIM_DMABurst_MultiWriteStart                  build/stm32f1xx_hal_tim.o
HAL_TIM_DMABurst_ReadStart                        build/stm32f1xx_hal_tim.o
HAL_TIM_DMABurst_ReadStop                         build/stm32f1xx_hal_tim.o
HAL_TIM_DMABurst_WriteStart                       build/stm32f1xx_hal_tim.o
HAL_TIM_DMABurst_WriteStop                        build/stm32f1xx_hal_tim.o
HAL_TIM_Encoder_DeInit                            build/stm32f1xx_hal_tim.o
HAL_TIM_Encoder_GetState                          build/stm32f1xx_hal_tim.o
HAL_TIM_Encoder_Init                              build/stm32f1xx_hal_tim.o
                                                  build/tim.o
HAL_TIM_Encoder_MspDeInit                         build/tim.o
HAL_TIM_Encoder_MspInit                           build/tim.o
HAL_TIM_Encoder_Start                             build/stm32f1xx_hal_tim.o
                                                  build/main.o
HAL_TIM_Encoder_Start_DMA                         build/stm32f1xx_hal_tim.o
HAL_TIM_Encoder_Start_IT                          build/stm32f1xx_hal_tim.o
HAL_TIM_Encoder_Stop                              build/stm32f1xx_hal_tim.o
HAL_TIM_Encoder_Stop_DMA                          build/stm32f1xx_hal_tim.o
HAL_TIM_Encoder_Stop_IT                           build/stm32f1xx_hal_tim.o
HAL_TIM_ErrorCallback                             build/stm32f1xx_hal_tim.o
                                                  build/stm32f1xx_hal_tim_ex.o
HAL_TIM_GenerateEvent                             build/stm32f1xx_hal_tim.o
HAL_TIM_GetActiveChannel                          build/stm32f1xx_hal_tim.o
HAL_TIM_GetChannelState                           build/stm32f1xx_hal_tim.o
HAL_TIM_IC_CaptureCallback                        build/stm32f1xx_hal_tim.o
HAL_TIM_IC_CaptureHalfCpltCallback                build/stm32f1xx_hal_tim.o
HAL_TIM_IC_ConfigChannel                          build/stm32f1xx_hal_tim.o
HAL_TIM_IC_DeInit                                 build/stm32f1xx_hal_tim.o
HAL_TIM_IC_GetState                               build/stm32f1xx_hal_tim.o
HAL_TIM_IC_Init                                   build/stm32f1xx_hal_tim.o
HAL_TIM_IC_MspDeInit                              build/stm32f1xx_hal_tim.o
HAL_TIM_IC_MspInit                                build/stm32f1xx_hal_tim.o
HAL_TIM_IC_Start                                  build/stm32f1xx_hal_tim.o
HAL_TIM_IC_Start_DMA                              build/stm32f1xx_hal_tim.o
HAL_TIM_IC_Start_IT                               build/stm32f1xx_hal_tim.o
HAL_TIM_IC_Stop                                   build/stm32f1xx_hal_tim.o
HAL_TIM_IC_Stop_DMA                               build/stm32f1xx_hal_tim.o
HAL_TIM_IC_Stop_IT                                build/stm32f1xx_hal_tim.o
HAL_TIM_IRQHandler                                build/stm32f1xx_hal_tim.o
                                                  build/stm32f1xx_it.o
HAL_TIM_MspPostInit                               build/tim.o
HAL_TIM_OC_ConfigChannel                          build/stm32f1xx_hal_tim.o
HAL_TIM_OC_DeInit                                 build/stm32f1xx_hal_tim.o
HAL_TIM_OC_DelayElapsedCallback                   build/stm32f1xx_hal_tim.o
HAL_TIM_OC_GetState                               build/stm32f1xx_hal_tim.o
HAL_TIM_OC_Init                                   build/stm32f1xx_hal_tim.o
HAL_TIM_OC_MspDeInit                              build/stm32f1xx_hal_tim.o
HAL_TIM_OC_MspInit                                build/stm32f1xx_hal_tim.o
HAL_TIM_OC_Start                                  build/stm32f1xx_hal_tim.o
HAL_TIM_OC_Start_DMA                              build/stm32f1xx_hal_tim.o
HAL_TIM_OC_Start_IT                               build/stm32f1xx_hal_tim.o
HAL_TIM_OC_Stop                                   build/stm32f1xx_hal_tim.o
HAL_TIM_OC_Stop_DMA                               build/stm32f1xx_hal_tim.o
HAL_TIM_OC_Stop_IT                                build/stm32f1xx_hal_tim.o
HAL_TIM_OnePulse_ConfigChannel                    build/stm32f1xx_hal_tim.o
HAL_TIM_OnePulse_DeInit                           build/stm32f1xx_hal_tim.o
HAL_TIM_OnePulse_GetState                         build/stm32f1xx_hal_tim.o
HAL_TIM_OnePulse_Init                             build/stm32f1xx_hal_tim.o
HAL_TIM_OnePulse_MspDeInit                        build/stm32f1xx_hal_tim.o
HAL_TIM_OnePulse_MspInit                          build/stm32f1xx_hal_tim.o
HAL_TIM_OnePulse_Start                            build/stm32f1xx_hal_tim.o
HAL_TIM_OnePulse_Start_IT                         build/stm32f1xx_hal_tim.o
HAL_TIM_OnePulse_Stop                             build/stm32f1xx_hal_tim.o
HAL_TIM_OnePulse_Stop_IT                          build/stm32f1xx_hal_tim.o
HAL_TIM_PWM_ConfigChannel                         build/stm32f1xx_hal_tim.o
                                                  build/tim.o
HAL_TIM_PWM_DeInit                                build/stm32f1xx_hal_tim.o
HAL_TIM_PWM_GetState                              build/stm32f1xx_hal_tim.o
HAL_TIM_PWM_Init                                  build/stm32f1xx_hal_tim.o
                                                  build/tim.o
HAL_TIM_PWM_MspDeInit                             build/stm32f1xx_hal_tim.o
HAL_TIM_PWM_MspInit                               build/stm32f1xx_hal_tim.o
HAL_TIM_PWM_PulseFinishedCallback                 build/stm32f1xx_hal_tim.o
                                                  build/stm32f1xx_hal_tim_ex.o
HAL_TIM_PWM_PulseFinishedHalfCpltCallback         build/stm32f1xx_hal_tim.o
HAL_TIM_PWM_Start                                 build/stm32f1xx_hal_tim.o
                                                  build/main.o
HAL_TIM_PWM_Start_DMA                             build/stm32f1xx_hal_tim.o
HAL_TIM_PWM_Start_IT                              build/stm32f1xx_hal_tim.o
HAL_TIM_PWM_Stop                                  build/stm32f1xx_hal_tim.o
HAL_TIM_PWM_Stop_DMA                              build/stm32f1xx_hal_tim.o
HAL_TIM_PWM_Stop_IT                               build/stm32f1xx_hal_tim.o
HAL_TIM_PeriodElapsedCallback                     build/main.o
HAL_TIM_PeriodElapsedHalfCpltCallback             build/stm32f1xx_hal_tim.o
HAL_TIM_ReadCapturedValue                         build/stm32f1xx_hal_tim.o
HAL_TIM_SlaveConfigSynchro                        build/stm32f1xx_hal_tim.o
HAL_TIM_SlaveConfigSynchro_IT                     build/stm32f1xx_hal_tim.o
HAL_TIM_TriggerCallback                           build/stm32f1xx_hal_tim.o
HAL_TIM_TriggerHalfCpltCallback                   build/stm32f1xx_hal_tim.o
HAL_UARTEx_ReceiveToIdle                          build/stm32f1xx_hal_uart.o
HAL_UARTEx_ReceiveToIdle_DMA                      build/stm32f1xx_hal_uart.o
HAL_UARTEx_ReceiveToIdle_IT                       build/stm32f1xx_hal_uart.o
HAL_UARTEx_RxEventCallback                        build/stm32f1xx_hal_uart.o
HAL_UART_Abort                                    build/stm32f1xx_hal_uart.o
HAL_UART_AbortCpltCallback                        build/stm32f1xx_hal_uart.o
HAL_UART_AbortReceive                             build/stm32f1xx_hal_uart.o
HAL_UART_AbortReceiveCpltCallback                 build/stm32f1xx_hal_uart.o
HAL_UART_AbortReceive_IT                          build/stm32f1xx_hal_uart.o
HAL_UART_AbortTransmit                            build/stm32f1xx_hal_uart.o
HAL_UART_AbortTransmitCpltCallback                build/stm32f1xx_hal_uart.o
HAL_UART_AbortTransmit_IT                         build/stm32f1xx_hal_uart.o
HAL_UART_Abort_IT                                 build/stm32f1xx_hal_uart.o
HAL_UART_DMAPause                                 build/stm32f1xx_hal_uart.o
HAL_UART_DMAResume                                build/stm32f1xx_hal_uart.o
HAL_UART_DMAStop                                  build/stm32f1xx_hal_uart.o
HAL_UART_DeInit                                   build/stm32f1xx_hal_uart.o
HAL_UART_ErrorCallback                            build/stm32f1xx_hal_uart.o
HAL_UART_GetError                                 build/stm32f1xx_hal_uart.o
HAL_UART_GetState                                 build/stm32f1xx_hal_uart.o
HAL_UART_IRQHandler                               build/stm32f1xx_hal_uart.o
                                                  build/stm32f1xx_it.o
HAL_UART_Init                                     build/stm32f1xx_hal_uart.o
                                                  build/usart.o
HAL_UART_MspDeInit                                build/usart.o
HAL_UART_MspInit                                  build/usart.o
HAL_UART_Receive                                  build/stm32f1xx_hal_uart.o
HAL_UART_Receive_DMA                              build/stm32f1xx_hal_uart.o
                                                  build/main.o
HAL_UART_Receive_IT                               build/stm32f1xx_hal_uart.o
                                                  build/main.o
HAL_UART_RxCpltCallback                           build/main.o
HAL_UART_RxHalfCpltCallback                       build/stm32f1xx_hal_uart.o
HAL_UART_Transmit                                 build/stm32f1xx_hal_uart.o
                                                  build/usart.o
HAL_UART_Transmit_DMA                             build/stm32f1xx_hal_uart.o
HAL_UART_Transmit_IT                              build/stm32f1xx_hal_uart.o
HAL_UART_TxCpltCallback                           build/stm32f1xx_hal_uart.o
HAL_UART_TxHalfCpltCallback                       build/stm32f1xx_hal_uart.o
HardFault_Handler                                 build/stm32f1xx_it.o
I2C1_ER_IRQHandler                                build/startup_stm32f103xe.o
I2C1_EV_IRQHandler                                build/startup_stm32f103xe.o
I2C2_ER_IRQHandler                                build/startup_stm32f103xe.o
I2C2_EV_IRQHandler                                build/startup_stm32f103xe.o
MOTOR_Direction                                   build/main.o
MOTOR_SpeedRead                                   build/main.o
MOTOR_Speedcontrol                                build/main.o
MX_DMA_Init                                       build/dma.o
                                                  build/main.o
MX_GPIO_Init                                      build/gpio.o
                                                  build/main.o
MX_TIM1_Init                                      build/tim.o
                                                  build/main.o
MX_TIM2_Init                                      build/tim.o
                                                  build/main.o
MX_TIM3_Init                                      build/tim.o
                                                  build/main.o
MX_TIM4_Init                                      build/tim.o
                                                  build/main.o
MX_TIM5_Init                                      build/tim.o
                                                  build/main.o
MX_UART4_Init                                     build/usart.o
                                                  build/main.o
MX_UART5_Init                                     build/usart.o
                                                  build/main.o
MemManage_Handler                                 build/stm32f1xx_it.o
NMI_Handler                                       build/stm32f1xx_it.o
PID_Calculate                                     build/main.o
PID_Clear                                         build/main.o
PID_Init                                          build/main.o
PVD_IRQHandler                                    build/startup_stm32f103xe.o
PendSV_Handler                                    build/stm32f1xx_it.o
RCC_IRQHandler                                    build/startup_stm32f103xe.o
RTC_Alarm_IRQHandler                              build/startup_stm32f103xe.o
RTC_IRQHandler                                    build/startup_stm32f103xe.o
Reset_Handler                                     build/startup_stm32f103xe.o
Rx_u4_len                                         build/main.o
Rx_u5_len                                         build/main.o
SDIO_IRQHandler                                   build/startup_stm32f103xe.o
SPI1_IRQHandler                                   build/startup_stm32f103xe.o
SPI2_IRQHandler                                   build/startup_stm32f103xe.o
SPI3_IRQHandler                                   build/startup_stm32f103xe.o
SVC_Handler                                       build/stm32f1xx_it.o
SysTick_Handler                                   build/stm32f1xx_it.o
SystemClock_Config                                build/main.o
SystemCoreClock                                   build/system_stm32f1xx.o
                                                  build/stm32f1xx_hal_rcc.o
                                                  build/stm32f1xx_hal.o
SystemCoreClockUpdate                             build/system_stm32f1xx.o
SystemInit                                        build/system_stm32f1xx.o
                                                  build/startup_stm32f103xe.o
TAMPER_IRQHandler                                 build/startup_stm32f103xe.o
TIM1_BRK_IRQHandler                               build/stm32f1xx_it.o
TIM1_CC_IRQHandler                                build/stm32f1xx_it.o
TIM1_TRG_COM_IRQHandler                           build/stm32f1xx_it.o
TIM1_UP_IRQHandler                                build/stm32f1xx_it.o
TIM2_IRQHandler                                   build/stm32f1xx_it.o
TIM3_IRQHandler                                   build/stm32f1xx_it.o
TIM4_IRQHandler                                   build/stm32f1xx_it.o
TIM5_IRQHandler                                   build/stm32f1xx_it.o
TIM6_IRQHandler                                   build/startup_stm32f103xe.o
TIM7_IRQHandler                                   build/startup_stm32f103xe.o
TIM8_BRK_IRQHandler                               build/startup_stm32f103xe.o
TIM8_CC_IRQHandler                                build/startup_stm32f103xe.o
TIM8_TRG_COM_IRQHandler                           build/startup_stm32f103xe.o
TIM8_UP_IRQHandler                                build/startup_stm32f103xe.o
TIMEx_DMACommutationCplt                          build/stm32f1xx_hal_tim_ex.o
                                                  build/stm32f1xx_hal_tim.o
TIMEx_DMACommutationHalfCplt                      build/stm32f1xx_hal_tim_ex.o
                                                  build/stm32f1xx_hal_tim.o
TIM_Base_SetConfig                                build/stm32f1xx_hal_tim.o
                                                  build/stm32f1xx_hal_tim_ex.o
TIM_CCxChannelCmd                                 build/stm32f1xx_hal_tim.o
                                                  build/stm32f1xx_hal_tim_ex.o
TIM_DMACaptureCplt                                build/stm32f1xx_hal_tim.o
                                                  build/stm32f1xx_hal_tim_ex.o
TIM_DMACaptureHalfCplt                            build/stm32f1xx_hal_tim.o
                                                  build/stm32f1xx_hal_tim_ex.o
TIM_DMADelayPulseHalfCplt                         build/stm32f1xx_hal_tim.o
                                                  build/stm32f1xx_hal_tim_ex.o
TIM_DMAError                                      build/stm32f1xx_hal_tim.o
                                                  build/stm32f1xx_hal_tim_ex.o
TIM_ETR_SetConfig                                 build/stm32f1xx_hal_tim.o
TIM_OC2_SetConfig                                 build/stm32f1xx_hal_tim.o
                                                  build/stm32f1xx_hal_tim_ex.o
TIM_TI1_SetConfig                                 build/stm32f1xx_hal_tim.o
                                                  build/stm32f1xx_hal_tim_ex.o
UART4_IRQHandler                                  build/stm32f1xx_it.o
UART5_IRQHandler                                  build/stm32f1xx_it.o
UART_Start_Receive_DMA                            build/stm32f1xx_hal_uart.o
UART_Start_Receive_IT                             build/stm32f1xx_hal_uart.o
USART1_IRQHandler                                 build/startup_stm32f103xe.o
USART2_IRQHandler                                 build/startup_stm32f103xe.o
USART3_IRQHandler                                 build/startup_stm32f103xe.o
USBWakeUp_IRQHandler                              build/startup_stm32f103xe.o
USB_HP_CAN1_TX_IRQHandler                         build/startup_stm32f103xe.o
USB_LP_CAN1_RX0_IRQHandler                        build/startup_stm32f103xe.o
UsageFault_Handler                                build/stm32f1xx_it.o
WWDG_IRQHandler                                   build/startup_stm32f103xe.o
__adddf3                                          c:/program files (x86)/gnu arm embedded toolchain/10 2021.07/bin/../lib/gcc/arm-none-eabi/10.3.1/thumb/v7-m/nofp\libgcc.a(_arm_addsubdf3.o)
__addsf3                                          c:/program files (x86)/gnu arm embedded toolchain/10 2021.07/bin/../lib/gcc/arm-none-eabi/10.3.1/thumb/v7-m/nofp\libgcc.a(_arm_addsubsf3.o)
__aeabi_cfcmpeq                                   c:/program files (x86)/gnu arm embedded toolchain/10 2021.07/bin/../lib/gcc/arm-none-eabi/10.3.1/thumb/v7-m/nofp\libgcc.a(_arm_cmpsf2.o)
__aeabi_cfcmple                                   c:/program files (x86)/gnu arm embedded toolchain/10 2021.07/bin/../lib/gcc/arm-none-eabi/10.3.1/thumb/v7-m/nofp\libgcc.a(_arm_cmpsf2.o)
__aeabi_cfrcmple                                  c:/program files (x86)/gnu arm embedded toolchain/10 2021.07/bin/../lib/gcc/arm-none-eabi/10.3.1/thumb/v7-m/nofp\libgcc.a(_arm_cmpsf2.o)
__aeabi_d2iz                                      c:/program files (x86)/gnu arm embedded toolchain/10 2021.07/bin/../lib/gcc/arm-none-eabi/10.3.1/thumb/v7-m/nofp\libgcc.a(_arm_fixdfsi.o)
                                                  build/main.o
__aeabi_dadd                                      c:/program files (x86)/gnu arm embedded toolchain/10 2021.07/bin/../lib/gcc/arm-none-eabi/10.3.1/thumb/v7-m/nofp\libgcc.a(_arm_addsubdf3.o)
__aeabi_ddiv                                      c:/program files (x86)/gnu arm embedded toolchain/10 2021.07/bin/../lib/gcc/arm-none-eabi/10.3.1/thumb/v7-m/nofp\libgcc.a(_arm_muldivdf3.o)
                                                  build/main.o
__aeabi_dmul                                      c:/program files (x86)/gnu arm embedded toolchain/10 2021.07/bin/../lib/gcc/arm-none-eabi/10.3.1/thumb/v7-m/nofp\libgcc.a(_arm_muldivdf3.o)
                                                  c:/program files (x86)/gnu arm embedded toolchain/10 2021.07/bin/../lib/gcc/arm-none-eabi/10.3.1/thumb/v7-m/nofp\libgcc.a(_arm_muldf3.o)
                                                  build/main.o
__aeabi_drsub                                     c:/program files (x86)/gnu arm embedded toolchain/10 2021.07/bin/../lib/gcc/arm-none-eabi/10.3.1/thumb/v7-m/nofp\libgcc.a(_arm_addsubdf3.o)
__aeabi_dsub                                      c:/program files (x86)/gnu arm embedded toolchain/10 2021.07/bin/../lib/gcc/arm-none-eabi/10.3.1/thumb/v7-m/nofp\libgcc.a(_arm_addsubdf3.o)
__aeabi_f2d                                       c:/program files (x86)/gnu arm embedded toolchain/10 2021.07/bin/../lib/gcc/arm-none-eabi/10.3.1/thumb/v7-m/nofp\libgcc.a(_arm_addsubdf3.o)
                                                  build/main.o
__aeabi_f2iz                                      c:/program files (x86)/gnu arm embedded toolchain/10 2021.07/bin/../lib/gcc/arm-none-eabi/10.3.1/thumb/v7-m/nofp\libgcc.a(_arm_fixsfsi.o)
                                                  build/main.o
__aeabi_fadd                                      c:/program files (x86)/gnu arm embedded toolchain/10 2021.07/bin/../lib/gcc/arm-none-eabi/10.3.1/thumb/v7-m/nofp\libgcc.a(_arm_addsubsf3.o)
                                                  build/main.o
__aeabi_fcmpeq                                    c:/program files (x86)/gnu arm embedded toolchain/10 2021.07/bin/../lib/gcc/arm-none-eabi/10.3.1/thumb/v7-m/nofp\libgcc.a(_arm_cmpsf2.o)
                                                  build/main.o
__aeabi_fcmpge                                    c:/program files (x86)/gnu arm embedded toolchain/10 2021.07/bin/../lib/gcc/arm-none-eabi/10.3.1/thumb/v7-m/nofp\libgcc.a(_arm_cmpsf2.o)
__aeabi_fcmpgt                                    c:/program files (x86)/gnu arm embedded toolchain/10 2021.07/bin/../lib/gcc/arm-none-eabi/10.3.1/thumb/v7-m/nofp\libgcc.a(_arm_cmpsf2.o)
                                                  build/main.o
__aeabi_fcmple                                    c:/program files (x86)/gnu arm embedded toolchain/10 2021.07/bin/../lib/gcc/arm-none-eabi/10.3.1/thumb/v7-m/nofp\libgcc.a(_arm_cmpsf2.o)
__aeabi_fcmplt                                    c:/program files (x86)/gnu arm embedded toolchain/10 2021.07/bin/../lib/gcc/arm-none-eabi/10.3.1/thumb/v7-m/nofp\libgcc.a(_arm_cmpsf2.o)
                                                  build/main.o
__aeabi_fmul                                      c:/program files (x86)/gnu arm embedded toolchain/10 2021.07/bin/../lib/gcc/arm-none-eabi/10.3.1/thumb/v7-m/nofp\libgcc.a(_arm_mulsf3.o)
                                                  build/main.o
__aeabi_frsub                                     c:/program files (x86)/gnu arm embedded toolchain/10 2021.07/bin/../lib/gcc/arm-none-eabi/10.3.1/thumb/v7-m/nofp\libgcc.a(_arm_addsubsf3.o)
__aeabi_fsub                                      c:/program files (x86)/gnu arm embedded toolchain/10 2021.07/bin/../lib/gcc/arm-none-eabi/10.3.1/thumb/v7-m/nofp\libgcc.a(_arm_addsubsf3.o)
                                                  build/main.o
__aeabi_i2d                                       c:/program files (x86)/gnu arm embedded toolchain/10 2021.07/bin/../lib/gcc/arm-none-eabi/10.3.1/thumb/v7-m/nofp\libgcc.a(_arm_addsubdf3.o)
__aeabi_i2f                                       c:/program files (x86)/gnu arm embedded toolchain/10 2021.07/bin/../lib/gcc/arm-none-eabi/10.3.1/thumb/v7-m/nofp\libgcc.a(_arm_addsubsf3.o)
                                                  build/main.o
__aeabi_l2d                                       c:/program files (x86)/gnu arm embedded toolchain/10 2021.07/bin/../lib/gcc/arm-none-eabi/10.3.1/thumb/v7-m/nofp\libgcc.a(_arm_addsubdf3.o)
__aeabi_l2f                                       c:/program files (x86)/gnu arm embedded toolchain/10 2021.07/bin/../lib/gcc/arm-none-eabi/10.3.1/thumb/v7-m/nofp\libgcc.a(_arm_addsubsf3.o)
__aeabi_ui2d                                      c:/program files (x86)/gnu arm embedded toolchain/10 2021.07/bin/../lib/gcc/arm-none-eabi/10.3.1/thumb/v7-m/nofp\libgcc.a(_arm_addsubdf3.o)
__aeabi_ui2f                                      c:/program files (x86)/gnu arm embedded toolchain/10 2021.07/bin/../lib/gcc/arm-none-eabi/10.3.1/thumb/v7-m/nofp\libgcc.a(_arm_addsubsf3.o)
                                                  build/main.o
__aeabi_ul2d                                      c:/program files (x86)/gnu arm embedded toolchain/10 2021.07/bin/../lib/gcc/arm-none-eabi/10.3.1/thumb/v7-m/nofp\libgcc.a(_arm_addsubdf3.o)
__aeabi_ul2f                                      c:/program files (x86)/gnu arm embedded toolchain/10 2021.07/bin/../lib/gcc/arm-none-eabi/10.3.1/thumb/v7-m/nofp\libgcc.a(_arm_addsubsf3.o)
__bss_end__                                       c:/program files (x86)/gnu arm embedded toolchain/10 2021.07/bin/../lib/gcc/arm-none-eabi/10.3.1/../../../../arm-none-eabi/lib/thumb/v7-m/nofp/crt0.o
__bss_start__                                     c:/program files (x86)/gnu arm embedded toolchain/10 2021.07/bin/../lib/gcc/arm-none-eabi/10.3.1/../../../../arm-none-eabi/lib/thumb/v7-m/nofp/crt0.o
__call_exitprocs                                  c:/program files (x86)/gnu arm embedded toolchain/10 2021.07/bin/../lib/gcc/arm-none-eabi/10.3.1/../../../../arm-none-eabi/lib/thumb/v7-m/nofp\libc_nano.a(lib_a-exit.o)
__cmpsf2                                          c:/program files (x86)/gnu arm embedded toolchain/10 2021.07/bin/../lib/gcc/arm-none-eabi/10.3.1/thumb/v7-m/nofp\libgcc.a(_arm_cmpsf2.o)
__deregister_frame_info                           c:/program files (x86)/gnu arm embedded toolchain/10 2021.07/bin/../lib/gcc/arm-none-eabi/10.3.1/thumb/v7-m/nofp/crtbegin.o
__divdf3                                          c:/program files (x86)/gnu arm embedded toolchain/10 2021.07/bin/../lib/gcc/arm-none-eabi/10.3.1/thumb/v7-m/nofp\libgcc.a(_arm_muldivdf3.o)
__dso_handle                                      c:/program files (x86)/gnu arm embedded toolchain/10 2021.07/bin/../lib/gcc/arm-none-eabi/10.3.1/thumb/v7-m/nofp/crtbegin.o
__eqsf2                                           c:/program files (x86)/gnu arm embedded toolchain/10 2021.07/bin/../lib/gcc/arm-none-eabi/10.3.1/thumb/v7-m/nofp\libgcc.a(_arm_cmpsf2.o)
__extendsfdf2                                     c:/program files (x86)/gnu arm embedded toolchain/10 2021.07/bin/../lib/gcc/arm-none-eabi/10.3.1/thumb/v7-m/nofp\libgcc.a(_arm_addsubdf3.o)
__fixdfsi                                         c:/program files (x86)/gnu arm embedded toolchain/10 2021.07/bin/../lib/gcc/arm-none-eabi/10.3.1/thumb/v7-m/nofp\libgcc.a(_arm_fixdfsi.o)
__fixsfsi                                         c:/program files (x86)/gnu arm embedded toolchain/10 2021.07/bin/../lib/gcc/arm-none-eabi/10.3.1/thumb/v7-m/nofp\libgcc.a(_arm_fixsfsi.o)
__floatdidf                                       c:/program files (x86)/gnu arm embedded toolchain/10 2021.07/bin/../lib/gcc/arm-none-eabi/10.3.1/thumb/v7-m/nofp\libgcc.a(_arm_addsubdf3.o)
__floatdisf                                       c:/program files (x86)/gnu arm embedded toolchain/10 2021.07/bin/../lib/gcc/arm-none-eabi/10.3.1/thumb/v7-m/nofp\libgcc.a(_arm_addsubsf3.o)
__floatsidf                                       c:/program files (x86)/gnu arm embedded toolchain/10 2021.07/bin/../lib/gcc/arm-none-eabi/10.3.1/thumb/v7-m/nofp\libgcc.a(_arm_addsubdf3.o)
__floatsisf                                       c:/program files (x86)/gnu arm embedded toolchain/10 2021.07/bin/../lib/gcc/arm-none-eabi/10.3.1/thumb/v7-m/nofp\libgcc.a(_arm_addsubsf3.o)
__floatundidf                                     c:/program files (x86)/gnu arm embedded toolchain/10 2021.07/bin/../lib/gcc/arm-none-eabi/10.3.1/thumb/v7-m/nofp\libgcc.a(_arm_addsubdf3.o)
__floatundisf                                     c:/program files (x86)/gnu arm embedded toolchain/10 2021.07/bin/../lib/gcc/arm-none-eabi/10.3.1/thumb/v7-m/nofp\libgcc.a(_arm_addsubsf3.o)
__floatunsidf                                     c:/program files (x86)/gnu arm embedded toolchain/10 2021.07/bin/../lib/gcc/arm-none-eabi/10.3.1/thumb/v7-m/nofp\libgcc.a(_arm_addsubdf3.o)
__floatunsisf                                     c:/program files (x86)/gnu arm embedded toolchain/10 2021.07/bin/../lib/gcc/arm-none-eabi/10.3.1/thumb/v7-m/nofp\libgcc.a(_arm_addsubsf3.o)
__gesf2                                           c:/program files (x86)/gnu arm embedded toolchain/10 2021.07/bin/../lib/gcc/arm-none-eabi/10.3.1/thumb/v7-m/nofp\libgcc.a(_arm_cmpsf2.o)
__gtsf2                                           c:/program files (x86)/gnu arm embedded toolchain/10 2021.07/bin/../lib/gcc/arm-none-eabi/10.3.1/thumb/v7-m/nofp\libgcc.a(_arm_cmpsf2.o)
__init_array_end                                  c:/program files (x86)/gnu arm embedded toolchain/10 2021.07/bin/../lib/gcc/arm-none-eabi/10.3.1/../../../../arm-none-eabi/lib/thumb/v7-m/nofp\libc_nano.a(lib_a-init.o)
__init_array_start                                c:/program files (x86)/gnu arm embedded toolchain/10 2021.07/bin/../lib/gcc/arm-none-eabi/10.3.1/../../../../arm-none-eabi/lib/thumb/v7-m/nofp\libc_nano.a(lib_a-init.o)
__lesf2                                           c:/program files (x86)/gnu arm embedded toolchain/10 2021.07/bin/../lib/gcc/arm-none-eabi/10.3.1/thumb/v7-m/nofp\libgcc.a(_arm_cmpsf2.o)
__libc_fini_array                                 c:/program files (x86)/gnu arm embedded toolchain/10 2021.07/bin/../lib/gcc/arm-none-eabi/10.3.1/../../../../arm-none-eabi/lib/thumb/v7-m/nofp/crt0.o
__libc_init_array                                 c:/program files (x86)/gnu arm embedded toolchain/10 2021.07/bin/../lib/gcc/arm-none-eabi/10.3.1/../../../../arm-none-eabi/lib/thumb/v7-m/nofp\libc_nano.a(lib_a-init.o)
                                                  build/startup_stm32f103xe.o
                                                  c:/program files (x86)/gnu arm embedded toolchain/10 2021.07/bin/../lib/gcc/arm-none-eabi/10.3.1/../../../../arm-none-eabi/lib/thumb/v7-m/nofp/crt0.o
__lock___arc4random_mutex                         c:/program files (x86)/gnu arm embedded toolchain/10 2021.07/bin/../lib/gcc/arm-none-eabi/10.3.1/../../../../arm-none-eabi/lib/thumb/v7-m/nofp\libc_nano.a(lib_a-lock.o)
__lock___at_quick_exit_mutex                      c:/program files (x86)/gnu arm embedded toolchain/10 2021.07/bin/../lib/gcc/arm-none-eabi/10.3.1/../../../../arm-none-eabi/lib/thumb/v7-m/nofp\libc_nano.a(lib_a-lock.o)
__lock___atexit_recursive_mutex                   c:/program files (x86)/gnu arm embedded toolchain/10 2021.07/bin/../lib/gcc/arm-none-eabi/10.3.1/../../../../arm-none-eabi/lib/thumb/v7-m/nofp\libc_nano.a(lib_a-lock.o)